Archive member included to satisfy reference by file (symbol)

/opt/st/stm32cubeclt/GNU-tools-for-STM32/bin/../lib/gcc/arm-none-eabi/11.3.1/../../../../arm-none-eabi/lib/thumb/v7e-m+fp/hard/libc_nano.a(libc_a-exit.o)
                              /opt/st/stm32cubeclt/GNU-tools-for-STM32/bin/../lib/gcc/arm-none-eabi/11.3.1/../../../../arm-none-eabi/lib/thumb/v7e-m+fp/hard/crt0.o (exit)
/opt/st/stm32cubeclt/GNU-tools-for-STM32/bin/../lib/gcc/arm-none-eabi/11.3.1/../../../../arm-none-eabi/lib/thumb/v7e-m+fp/hard/libc_nano.a(libc_a-nano-vfprintf_float.o)
                              (_printf_float)
/opt/st/stm32cubeclt/GNU-tools-for-STM32/bin/../lib/gcc/arm-none-eabi/11.3.1/../../../../arm-none-eabi/lib/thumb/v7e-m+fp/hard/libc_nano.a(libc_a-nano-vfprintf_i.o)
                              /opt/st/stm32cubeclt/GNU-tools-for-STM32/bin/../lib/gcc/arm-none-eabi/11.3.1/../../../../arm-none-eabi/lib/thumb/v7e-m+fp/hard/libc_nano.a(libc_a-nano-vfprintf_float.o) (_printf_common)
/opt/st/stm32cubeclt/GNU-tools-for-STM32/bin/../lib/gcc/arm-none-eabi/11.3.1/../../../../arm-none-eabi/lib/thumb/v7e-m+fp/hard/libc_nano.a(libc_a-findfp.o)
                              /opt/st/stm32cubeclt/GNU-tools-for-STM32/bin/../lib/gcc/arm-none-eabi/11.3.1/../../../../arm-none-eabi/lib/thumb/v7e-m+fp/hard/libc_nano.a(libc_a-exit.o) (__stdio_exit_handler)
/opt/st/stm32cubeclt/GNU-tools-for-STM32/bin/../lib/gcc/arm-none-eabi/11.3.1/../../../../arm-none-eabi/lib/thumb/v7e-m+fp/hard/libc_nano.a(libc_a-fwalk.o)
                              /opt/st/stm32cubeclt/GNU-tools-for-STM32/bin/../lib/gcc/arm-none-eabi/11.3.1/../../../../arm-none-eabi/lib/thumb/v7e-m+fp/hard/libc_nano.a(libc_a-findfp.o) (_fwalk_sglue)
/opt/st/stm32cubeclt/GNU-tools-for-STM32/bin/../lib/gcc/arm-none-eabi/11.3.1/../../../../arm-none-eabi/lib/thumb/v7e-m+fp/hard/libc_nano.a(libc_a-printf.o)
                              build/can.o (printf)
/opt/st/stm32cubeclt/GNU-tools-for-STM32/bin/../lib/gcc/arm-none-eabi/11.3.1/../../../../arm-none-eabi/lib/thumb/v7e-m+fp/hard/libc_nano.a(libc_a-puts.o)
                              build/main.o (puts)
/opt/st/stm32cubeclt/GNU-tools-for-STM32/bin/../lib/gcc/arm-none-eabi/11.3.1/../../../../arm-none-eabi/lib/thumb/v7e-m+fp/hard/libc_nano.a(libc_a-setbuf.o)
                              build/main.o (setbuf)
/opt/st/stm32cubeclt/GNU-tools-for-STM32/bin/../lib/gcc/arm-none-eabi/11.3.1/../../../../arm-none-eabi/lib/thumb/v7e-m+fp/hard/libc_nano.a(libc_a-setvbuf.o)
                              /opt/st/stm32cubeclt/GNU-tools-for-STM32/bin/../lib/gcc/arm-none-eabi/11.3.1/../../../../arm-none-eabi/lib/thumb/v7e-m+fp/hard/libc_nano.a(libc_a-setbuf.o) (setvbuf)
/opt/st/stm32cubeclt/GNU-tools-for-STM32/bin/../lib/gcc/arm-none-eabi/11.3.1/../../../../arm-none-eabi/lib/thumb/v7e-m+fp/hard/libc_nano.a(libc_a-stdio.o)
                              /opt/st/stm32cubeclt/GNU-tools-for-STM32/bin/../lib/gcc/arm-none-eabi/11.3.1/../../../../arm-none-eabi/lib/thumb/v7e-m+fp/hard/libc_nano.a(libc_a-findfp.o) (__sread)
/opt/st/stm32cubeclt/GNU-tools-for-STM32/bin/../lib/gcc/arm-none-eabi/11.3.1/../../../../arm-none-eabi/lib/thumb/v7e-m+fp/hard/libc_nano.a(libc_a-wbuf.o)
                              /opt/st/stm32cubeclt/GNU-tools-for-STM32/bin/../lib/gcc/arm-none-eabi/11.3.1/../../../../arm-none-eabi/lib/thumb/v7e-m+fp/hard/libc_nano.a(libc_a-puts.o) (__swbuf_r)
/opt/st/stm32cubeclt/GNU-tools-for-STM32/bin/../lib/gcc/arm-none-eabi/11.3.1/../../../../arm-none-eabi/lib/thumb/v7e-m+fp/hard/libc_nano.a(libc_a-wsetup.o)
                              /opt/st/stm32cubeclt/GNU-tools-for-STM32/bin/../lib/gcc/arm-none-eabi/11.3.1/../../../../arm-none-eabi/lib/thumb/v7e-m+fp/hard/libc_nano.a(libc_a-puts.o) (__swsetup_r)
/opt/st/stm32cubeclt/GNU-tools-for-STM32/bin/../lib/gcc/arm-none-eabi/11.3.1/../../../../arm-none-eabi/lib/thumb/v7e-m+fp/hard/libc_nano.a(libc_a-memset.o)
                              /opt/st/stm32cubeclt/GNU-tools-for-STM32/bin/../lib/gcc/arm-none-eabi/11.3.1/../../../../arm-none-eabi/lib/thumb/v7e-m+fp/hard/crt0.o (memset)
/opt/st/stm32cubeclt/GNU-tools-for-STM32/bin/../lib/gcc/arm-none-eabi/11.3.1/../../../../arm-none-eabi/lib/thumb/v7e-m+fp/hard/libc_nano.a(libc_a-localeconv.o)
                              /opt/st/stm32cubeclt/GNU-tools-for-STM32/bin/../lib/gcc/arm-none-eabi/11.3.1/../../../../arm-none-eabi/lib/thumb/v7e-m+fp/hard/libc_nano.a(libc_a-nano-vfprintf_float.o) (_localeconv_r)
/opt/st/stm32cubeclt/GNU-tools-for-STM32/bin/../lib/gcc/arm-none-eabi/11.3.1/../../../../arm-none-eabi/lib/thumb/v7e-m+fp/hard/libc_nano.a(libc_a-closer.o)
                              /opt/st/stm32cubeclt/GNU-tools-for-STM32/bin/../lib/gcc/arm-none-eabi/11.3.1/../../../../arm-none-eabi/lib/thumb/v7e-m+fp/hard/libc_nano.a(libc_a-stdio.o) (_close_r)
/opt/st/stm32cubeclt/GNU-tools-for-STM32/bin/../lib/gcc/arm-none-eabi/11.3.1/../../../../arm-none-eabi/lib/thumb/v7e-m+fp/hard/libc_nano.a(libc_a-reent.o)
[...]
Memory Configuration

Name             Origin             Length             Attributes
RAM              0x0000000020000000 0x0000000000020000 xrw
FLASH            0x0000000008000000 0x0000000000080000 xr
*default*        0x0000000000000000 0xffffffffffffffff

Linker script and memory map

LOAD /opt/st/stm32cubeclt/GNU-tools-for-STM32/bin/../lib/gcc/arm-none-eabi/11.3.1/thumb/v7e-m+fp/hard/crti.o
LOAD /opt/st/stm32cubeclt/GNU-tools-for-STM32/bin/../lib/gcc/arm-none-eabi/11.3.1/thumb/v7e-m+fp/hard/crtbegin.o
LOAD /opt/st/stm32cubeclt/GNU-tools-for-STM32/bin/../lib/gcc/arm-none-eabi/11.3.1/../../../../arm-none-eabi/lib/thumb/v7e-m+fp/hard/crt0.o
LOAD build/main.o
LOAD build/stm32f4xx_it.o
LOAD build/stm32f4xx_hal_msp.o
LOAD build/stm32f4xx_hal_can.o
LOAD build/stm32f4xx_hal_rcc.o
LOAD build/stm32f4xx_hal_rcc_ex.o
LOAD build/stm32f4xx_hal_flash.o
LOAD build/stm32f4xx_hal_flash_ex.o
LOAD build/stm32f4xx_hal_flash_ramfunc.o
LOAD build/stm32f4xx_hal_gpio.o
LOAD build/stm32f4xx_hal_dma_ex.o
LOAD build/stm32f4xx_hal_dma.o
LOAD build/stm32f4xx_hal_pwr.o
LOAD build/stm32f4xx_hal_pwr_ex.o
LOAD build/stm32f4xx_hal_cortex.o
LOAD build/stm32f4xx_hal.o
LOAD build/stm32f4xx_hal_exti.o
LOAD build/stm32f4xx_hal_tim.o
LOAD build/stm32f4xx_hal_tim_ex.o
LOAD build/stm32f4xx_hal_uart.o
LOAD build/system_stm32f4xx.o
LOAD build/gpio.o
LOAD build/can.o
LOAD build/usart.o
LOAD build/syscalls.o
LOAD build/startup_stm32f446xx.o
LOAD /opt/st/stm32cubeclt/GNU-tools-for-STM32/bin/../lib/gcc/arm-none-eabi/11.3.1/../../../../arm-none-eabi/lib/thumb/v7e-m+fp/hard/libc_nano.a
LOAD /opt/st/stm32cubeclt/GNU-tools-for-STM32/bin/../lib/gcc/arm-none-eabi/11.3.1/../../../../arm-none-eabi/lib/thumb/v7e-m+fp/hard/libm.a
LOAD /opt/st/stm32cubeclt/GNU-tools-for-STM32/bin/../lib/gcc/arm-none-eabi/11.3.1/../../../../arm-none-eabi/lib/thumb/v7e-m+fp/hard/libnosys.a
LOAD Drivers/CMSIS/Lib/GCC//libarm_cortexM4lf_math.a
START GROUP
LOAD /opt/st/stm32cubeclt/GNU-tools-for-STM32/bin/../lib/gcc/arm-none-eabi/11.3.1/thumb/v7e-m+fp/hard/libgcc.a
LOAD /opt/st/stm32cubeclt/GNU-tools-for-STM32/bin/../lib/gcc/arm-none-eabi/11.3.1/../../../../arm-none-eabi/lib/thumb/v7e-m+fp/hard/libc_nano.a
END GROUP
START GROUP
LOAD /opt/st/stm32cubeclt/GNU-tools-for-STM32/bin/../lib/gcc/arm-none-eabi/11.3.1/thumb/v7e-m+fp/hard/libgcc.a
LOAD /opt/st/stm32cubeclt/GNU-tools-for-STM32/bin/../lib/gcc/arm-none-eabi/11.3.1/../../../../arm-none-eabi/lib/thumb/v7e-m+fp/hard/libc_nano.a
END GROUP
LOAD /opt/st/stm32cubeclt/GNU-tools-for-STM32/bin/../lib/gcc/arm-none-eabi/11.3.1/thumb/v7e-m+fp/hard/crtend.o
LOAD /opt/st/stm32cubeclt/GNU-tools-for-STM32/bin/../lib/gcc/arm-none-eabi/11.3.1/thumb/v7e-m+fp/hard/crtn.o
                0x0000000020020000                _estack = (ORIGIN (RAM) + LENGTH (RAM))
                0x0000000000000200                _Min_Heap_Size = 0x200
                0x0000000000000400                _Min_Stack_Size = 0x400

.isr_vector     0x0000000008000000      0x1c4
                0x0000000008000000                . = ALIGN (0x4)
 *(.isr_vector)
 .isr_vector    0x0000000008000000      0x1c4 build/startup_stm32f446xx.o
                0x0000000008000000                g_pfnVectors
                0x00000000080001c4                . = ALIGN (0x4)

.text           0x00000000080001d0     0x54dc
                0x00000000080001d0                . = ALIGN (0x4)
 *(.text)
 .text          0x00000000080001d0       0x40 /opt/st/stm32cubeclt/GNU-tools-for-STM32/bin/../lib/gcc/arm-none-eabi/11.3.1/thumb/v7e-m+fp/hard/crtbegin.o
 .text          0x0000000008000210       0xa0 /opt/st/stm32cubeclt/GNU-tools-for-STM32/bin/../lib/gcc/arm-none-eabi/11.3.1/../../../../arm-none-eabi/lib/thumb/v7e-m+fp/hard/libc_nano.a(libc_a-memchr.o)
                0x0000000008000210                memchr
 .text          0x00000000080002b0       0x10 /opt/st/stm32cubeclt/GNU-tools-for-STM32/bin/../lib/gcc/arm-none-eabi/11.3.1/../../../../arm-none-eabi/lib/thumb/v7e-m+fp/hard/libc_nano.a(libc_a-strlen.o)
                0x00000000080002b0                strlen
 .text          0x00000000080002c0      0x378 /opt/st/stm32cubeclt/GNU-tools-for-STM32/bin/../lib/gcc/arm-none-eabi/11.3.1/thumb/v7e-m+fp/hard/libgcc.a(_arm_addsubdf3.o)
                0x00000000080002c0                __aeabi_drsub
                0x00000000080002c8                __aeabi_dsub
                0x00000000080002c8                __subdf3
                0x00000000080002cc                __adddf3
                0x00000000080002cc                __aeabi_dadd
                0x0000000008000544                __aeabi_ui2d
                0x0000000008000544                __floatunsidf
                0x0000000008000564                __floatsidf
                0x0000000008000564                __aeabi_i2d
                0x0000000008000588                __extendsfdf2
                0x0000000008000588                __aeabi_f2d
                0x00000000080005cc                __aeabi_ul2d
                0x00000000080005cc                __floatundidf
                0x00000000080005dc                __floatdidf
                0x00000000080005dc                __aeabi_l2d
 .text          0x0000000008000638      0x424 /opt/st/stm32cubeclt/GNU-tools-for-STM32/bin/../lib/gcc/arm-none-eabi/11.3.1/thumb/v7e-m+fp/hard/libgcc.a(_arm_muldivdf3.o)
                0x0000000008000638                __aeabi_dmul
                0x0000000008000638                __muldf3
                0x000000000800088c                __aeabi_ddiv
                0x000000000800088c                __divdf3
 .text          0x0000000008000a5c      0x110 /opt/st/stm32cubeclt/GNU-tools-for-STM32/bin/../lib/gcc/arm-none-eabi/11.3.1/thumb/v7e-m+fp/hard/libgcc.a(_arm_cmpdf2.o)
                0x0000000008000a5c                __gtdf2
                0x0000000008000a5c                __gedf2
                0x0000000008000a64                __ltdf2
                0x0000000008000a64                __ledf2
                0x0000000008000a6c                __cmpdf2
                0x0000000008000a6c                __eqdf2
                0x0000000008000a6c                __nedf2
                0x0000000008000ae8                __aeabi_cdrcmple
                0x0000000008000af8                __aeabi_cdcmple
                0x0000000008000af8                __aeabi_cdcmpeq
                0x0000000008000b08                __aeabi_dcmpeq
                0x0000000008000b1c                __aeabi_dcmplt
                0x0000000008000b30                __aeabi_dcmple
                0x0000000008000b44                __aeabi_dcmpge
                0x0000000008000b58                __aeabi_dcmpgt
 .text          0x0000000008000b6c       0x2c /opt/st/stm32cubeclt/GNU-tools-for-STM32/bin/../lib/gcc/arm-none-eabi/11.3.1/thumb/v7e-m+fp/hard/libgcc.a(_arm_unorddf2.o)
                0x0000000008000b6c                __aeabi_dcmpun
                0x0000000008000b6c                __unorddf2
 .text          0x0000000008000b98       0x50 /opt/st/stm32cubeclt/GNU-tools-for-STM32/bin/../lib/gcc/arm-none-eabi/11.3.1/thumb/v7e-m+fp/hard/libgcc.a(_arm_fixdfsi.o)
                0x0000000008000b98                __fixdfsi
                0x0000000008000b98                __aeabi_d2iz
 .text          0x0000000008000be8       0x40 /opt/st/stm32cubeclt/GNU-tools-for-STM32/bin/../lib/gcc/arm-none-eabi/11.3.1/thumb/v7e-m+fp/hard/libgcc.a(_arm_fixunsdfsi.o)
                0x0000000008000be8                __fixunsdfsi
                0x0000000008000be8                __aeabi_d2uiz
 .text          0x0000000008000c28       0x30 /opt/st/stm32cubeclt/GNU-tools-for-STM32/bin/../lib/gcc/arm-none-eabi/11.3.1/thumb/v7e-m+fp/hard/libgcc.a(_aeabi_uldivmod.o)
                0x0000000008000c28                __aeabi_uldivmod
 .text          0x0000000008000c58      0x2c8 /opt/st/stm32cubeclt/GNU-tools-for-STM32/bin/../lib/gcc/arm-none-eabi/11.3.1/thumb/v7e-m+fp/hard/libgcc.a(_udivmoddi4.o)
                0x0000000008000c58                __udivmoddi4
 .text          0x0000000008000f20        0x4 /opt/st/stm32cubeclt/GNU-tools-for-STM32/bin/../lib/gcc/arm-none-eabi/11.3.1/thumb/v7e-m+fp/hard/libgcc.a(_dvmd_tls.o)
                0x0000000008000f20                __aeabi_ldiv0
                0x0000000008000f20                __aeabi_idiv0
 *(.text*)
 .text._write   0x0000000008000f24       0x18 build/main.o
                0x0000000008000f24                _write
 .text.Error_Handler
                0x0000000008000f3c        0x4 build/main.o
                0x0000000008000f3c                Error_Handler
 .text.SystemClock_Config
                0x0000000008000f40       0xa4 build/main.o
                0x0000000008000f40                SystemClock_Config
 .text.main     0x0000000008000fe4       0x48 build/main.o
                0x0000000008000fe4                main
 .text.NMI_Handler
                0x000000000800102c        0x2 build/stm32f4xx_it.o
                0x000000000800102c                NMI_Handler
 .text.HardFault_Handler
                0x000000000800102e        0x2 build/stm32f4xx_it.o
                0x000000000800102e                HardFault_Handler
 .text.MemManage_Handler
                0x0000000008001030        0x2 build/stm32f4xx_it.o
                0x0000000008001030                MemManage_Handler
 .text.BusFault_Handler
                0x0000000008001032        0x2 build/stm32f4xx_it.o
                0x0000000008001032                BusFault_Handler
 .text.UsageFault_Handler
                0x0000000008001034        0x2 build/stm32f4xx_it.o
                0x0000000008001034                UsageFault_Handler
 .text.SVC_Handler
                0x0000000008001036        0x2 build/stm32f4xx_it.o
                0x0000000008001036                SVC_Handler
 .text.DebugMon_Handler
                0x0000000008001038        0x2 build/stm32f4xx_it.o
                0x0000000008001038                DebugMon_Handler
 .text.PendSV_Handler
                0x000000000800103a        0x2 build/stm32f4xx_it.o
                0x000000000800103a                PendSV_Handler
 .text.SysTick_Handler
                0x000000000800103c        0x8 build/stm32f4xx_it.o
                0x000000000800103c                SysTick_Handler
 .text.CAN1_TX_IRQHandler
                0x0000000008001044       0x10 build/stm32f4xx_it.o
                0x0000000008001044                CAN1_TX_IRQHandler
 .text.CAN1_RX0_IRQHandler
                0x0000000008001054       0x10 build/stm32f4xx_it.o
                0x0000000008001054                CAN1_RX0_IRQHandler
 .text.CAN1_RX1_IRQHandler
                0x0000000008001064       0x10 build/stm32f4xx_it.o
                0x0000000008001064                CAN1_RX1_IRQHandler
 .text.HAL_MspInit
                0x0000000008001074       0x40 build/stm32f4xx_hal_msp.o
                0x0000000008001074                HAL_MspInit
 .text.HAL_CAN_Init
                0x00000000080010b4      0x14c build/stm32f4xx_hal_can.o
                0x00000000080010b4                HAL_CAN_Init
 .text.HAL_CAN_ConfigFilter
                0x0000000008001200      0x138 build/stm32f4xx_hal_can.o
                0x0000000008001200                HAL_CAN_ConfigFilter
 .text.HAL_CAN_Start
                0x0000000008001338       0x5c build/stm32f4xx_hal_can.o
                0x0000000008001338                HAL_CAN_Start
 .text.HAL_CAN_AddTxMessage
                0x0000000008001394       0xfc build/stm32f4xx_hal_can.o
                0x0000000008001394                HAL_CAN_AddTxMessage
 .text.HAL_CAN_GetTxMailboxesFreeLevel
                0x0000000008001490       0x32 build/stm32f4xx_hal_can.o
                0x0000000008001490                HAL_CAN_GetTxMailboxesFreeLevel
 .text.HAL_CAN_GetRxMessage
                0x00000000080014c2      0x14a build/stm32f4xx_hal_can.o
                0x00000000080014c2                HAL_CAN_GetRxMessage
 .text.HAL_CAN_ActivateNotification
                0x000000000800160c       0x24 build/stm32f4xx_hal_can.o
                0x000000000800160c                HAL_CAN_ActivateNotification
 .text.HAL_CAN_TxMailbox0CompleteCallback
                0x0000000008001630        0x2 build/stm32f4xx_hal_can.o
                0x0000000008001630                HAL_CAN_TxMailbox0CompleteCallback
 .text.HAL_CAN_TxMailbox1CompleteCallback
                0x0000000008001632        0x2 build/stm32f4xx_hal_can.o
                0x0000000008001632                HAL_CAN_TxMailbox1CompleteCallback
 .text.HAL_CAN_TxMailbox2CompleteCallback
                0x0000000008001634        0x2 build/stm32f4xx_hal_can.o
                0x0000000008001634                HAL_CAN_TxMailbox2CompleteCallback
 .text.HAL_CAN_TxMailbox0AbortCallback
                0x0000000008001636        0x2 build/stm32f4xx_hal_can.o
                0x0000000008001636                HAL_CAN_TxMailbox0AbortCallback
 .text.HAL_CAN_TxMailbox1AbortCallback
                0x0000000008001638        0x2 build/stm32f4xx_hal_can.o
                0x0000000008001638                HAL_CAN_TxMailbox1AbortCallback
 .text.HAL_CAN_TxMailbox2AbortCallback
                0x000000000800163a        0x2 build/stm32f4xx_hal_can.o
                0x000000000800163a                HAL_CAN_TxMailbox2AbortCallback
 .text.HAL_CAN_RxFifo0FullCallback
                0x000000000800163c        0x2 build/stm32f4xx_hal_can.o
                0x000000000800163c                HAL_CAN_RxFifo0FullCallback
 .text.HAL_CAN_RxFifo1MsgPendingCallback
                0x000000000800163e        0x2 build/stm32f4xx_hal_can.o
                0x000000000800163e                HAL_CAN_RxFifo1MsgPendingCallback
 .text.HAL_CAN_RxFifo1FullCallback
                0x0000000008001640        0x2 build/stm32f4xx_hal_can.o
                0x0000000008001640                HAL_CAN_RxFifo1FullCallback
 .text.HAL_CAN_SleepCallback
                0x0000000008001642        0x2 build/stm32f4xx_hal_can.o
                0x0000000008001642                HAL_CAN_SleepCallback
 .text.HAL_CAN_WakeUpFromRxMsgCallback
                0x0000000008001644        0x2 build/stm32f4xx_hal_can.o
                0x0000000008001644                HAL_CAN_WakeUpFromRxMsgCallback
 .text.HAL_CAN_ErrorCallback
                0x0000000008001646        0x2 build/stm32f4xx_hal_can.o
                0x0000000008001646                HAL_CAN_ErrorCallback
 .text.HAL_CAN_IRQHandler
                0x0000000008001648      0x24a build/stm32f4xx_hal_can.o
                0x0000000008001648                HAL_CAN_IRQHandler
 *fill*         0x0000000008001892        0x2 
 .text.HAL_RCC_ClockConfig
                0x0000000008001894      0x160 build/stm32f4xx_hal_rcc.o
                0x0000000008001894                HAL_RCC_ClockConfig
 .text.HAL_RCC_GetHCLKFreq
                0x00000000080019f4        0xc build/stm32f4xx_hal_rcc.o
                0x00000000080019f4                HAL_RCC_GetHCLKFreq
 .text.HAL_RCC_GetPCLK1Freq
                0x0000000008001a00       0x20 build/stm32f4xx_hal_rcc.o
                0x0000000008001a00                HAL_RCC_GetPCLK1Freq
 .text.HAL_RCC_GetPCLK2Freq
                0x0000000008001a20       0x20 build/stm32f4xx_hal_rcc.o
                0x0000000008001a20                HAL_RCC_GetPCLK2Freq
 .text.HAL_RCC_GetSysClockFreq
                0x0000000008001a40      0x190 build/stm32f4xx_hal_rcc_ex.o
                0x0000000008001a40                HAL_RCC_GetSysClockFreq
 .text.HAL_RCC_OscConfig
                0x0000000008001bd0      0x444 build/stm32f4xx_hal_rcc_ex.o
                0x0000000008001bd0                HAL_RCC_OscConfig
 .text.HAL_GPIO_Init
                0x0000000008002014      0x1e0 build/stm32f4xx_hal_gpio.o
                0x0000000008002014                HAL_GPIO_Init
 .text.HAL_GPIO_WritePin
                0x00000000080021f4        0xc build/stm32f4xx_hal_gpio.o
                0x00000000080021f4                HAL_GPIO_WritePin
 .text.HAL_NVIC_SetPriorityGrouping
                0x0000000008002200       0x24 build/stm32f4xx_hal_cortex.o
                0x0000000008002200                HAL_NVIC_SetPriorityGrouping
 .text.HAL_NVIC_SetPriority
                0x0000000008002224       0x70 build/stm32f4xx_hal_cortex.o
                0x0000000008002224                HAL_NVIC_SetPriority
 .text.HAL_NVIC_EnableIRQ
                0x0000000008002294       0x1c build/stm32f4xx_hal_cortex.o
                0x0000000008002294                HAL_NVIC_EnableIRQ
 .text.HAL_SYSTICK_Config
                0x00000000080022b0       0x28 build/stm32f4xx_hal_cortex.o
                0x00000000080022b0                HAL_SYSTICK_Config
 .text.HAL_InitTick
                0x00000000080022d8       0x4c build/stm32f4xx_hal.o
                0x00000000080022d8                HAL_InitTick
 .text.HAL_Init
                0x0000000008002324       0x34 build/stm32f4xx_hal.o
                0x0000000008002324                HAL_Init
 .text.HAL_IncTick
                0x0000000008002358       0x18 build/stm32f4xx_hal.o
                0x0000000008002358                HAL_IncTick
 .text.HAL_GetTick
                0x0000000008002370        0xc build/stm32f4xx_hal.o
                0x0000000008002370                HAL_GetTick
 .text.UART_SetConfig
                0x000000000800237c      0x110 build/stm32f4xx_hal_uart.o
 .text.UART_WaitOnFlagUntilTimeout
                0x000000000800248c       0x84 build/stm32f4xx_hal_uart.o
 .text.HAL_UART_Init
                0x0000000008002510       0x5e build/stm32f4xx_hal_uart.o
                0x0000000008002510                HAL_UART_Init
 .text.HAL_UART_Transmit
                0x000000000800256e       0xd8 build/stm32f4xx_hal_uart.o
                0x000000000800256e                HAL_UART_Transmit
 *fill*         0x0000000008002646        0x2 
 .text.SystemInit
                0x0000000008002648       0x14 build/system_stm32f4xx.o
                0x0000000008002648                SystemInit
 .text.MX_GPIO_Init
                0x000000000800265c       0xa8 build/gpio.o
                0x000000000800265c                MX_GPIO_Init
 .text.HAL_CAN_RxFifo0MsgPendingCallback
                0x0000000008002704       0x54 build/can.o
                0x0000000008002704                HAL_CAN_RxFifo0MsgPendingCallback
 .text.CanActivation
                0x0000000008002758       0x48 build/can.o
                0x0000000008002758                CanActivation
 .text.CanVescDrive
                0x00000000080027a0       0xe0 build/can.o
                0x00000000080027a0                CanVescDrive
 .text.MX_CAN1_Init
                0x0000000008002880       0x70 build/can.o
                0x0000000008002880                MX_CAN1_Init
 .text.HAL_CAN_MspInit
                0x00000000080028f0       0xa0 build/can.o
                0x00000000080028f0                HAL_CAN_MspInit
 .text.MX_USART2_UART_Init
                0x0000000008002990       0x34 build/usart.o
                0x0000000008002990                MX_USART2_UART_Init
 .text.HAL_UART_MspInit
                0x00000000080029c4       0x70 build/usart.o
                0x00000000080029c4                HAL_UART_MspInit
 .text._getpid  0x0000000008002a34        0x4 build/syscalls.o
                0x0000000008002a34                _getpid
 .text._kill    0x0000000008002a38       0x10 build/syscalls.o
                0x0000000008002a38                _kill
 .text._exit    0x0000000008002a48        0xc build/syscalls.o
                0x0000000008002a48                _exit
 .text._read    0x0000000008002a54       0x20 build/syscalls.o
                0x0000000008002a54                _read
 .text._close   0x0000000008002a74        0x6 build/syscalls.o
                0x0000000008002a74                _close
 .text._fstat   0x0000000008002a7a        0xa build/syscalls.o
                0x0000000008002a7a                _fstat
 .text._isatty  0x0000000008002a84        0x4 build/syscalls.o
                0x0000000008002a84                _isatty
 .text._lseek   0x0000000008002a88        0x4 build/syscalls.o
                0x0000000008002a88                _lseek
 .text.Reset_Handler
                0x0000000008002a8c       0x50 build/startup_stm32f446xx.o
                0x0000000008002a8c                Reset_Handler
 .text.Default_Handler
                0x0000000008002adc        0x2 build/startup_stm32f446xx.o
                0x0000000008002adc                RTC_Alarm_IRQHandler
                0x0000000008002adc                EXTI2_IRQHandler
                0x0000000008002adc                TIM8_CC_IRQHandler
                0x0000000008002adc                FMPI2C1_EV_IRQHandler
                0x0000000008002adc                SPI4_IRQHandler
                0x0000000008002adc                TIM1_CC_IRQHandler
                0x0000000008002adc                DMA2_Stream5_IRQHandler
                0x0000000008002adc                DMA1_Stream5_IRQHandler
                0x0000000008002adc                PVD_IRQHandler
                0x0000000008002adc                SDIO_IRQHandler
                0x0000000008002adc                TAMP_STAMP_IRQHandler
                0x0000000008002adc                CAN2_RX1_IRQHandler
                0x0000000008002adc                EXTI3_IRQHandler
                0x0000000008002adc                TIM8_TRG_COM_TIM14_IRQHandler
                0x0000000008002adc                TIM1_UP_TIM10_IRQHandler
                0x0000000008002adc                TIM8_UP_TIM13_IRQHandler
                0x0000000008002adc                I2C3_ER_IRQHandler
                0x0000000008002adc                EXTI0_IRQHandler
                0x0000000008002adc                I2C2_EV_IRQHandler
                0x0000000008002adc                DMA1_Stream2_IRQHandler
                0x0000000008002adc                FPU_IRQHandler
                0x0000000008002adc                OTG_HS_WKUP_IRQHandler
                0x0000000008002adc                CAN2_SCE_IRQHandler
                0x0000000008002adc                DMA2_Stream2_IRQHandler
                0x0000000008002adc                SPI1_IRQHandler
                0x0000000008002adc                TIM6_DAC_IRQHandler
                0x0000000008002adc                TIM1_BRK_TIM9_IRQHandler
                0x0000000008002adc                DCMI_IRQHandler
                0x0000000008002adc                CAN2_RX0_IRQHandler
                0x0000000008002adc                DMA2_Stream3_IRQHandler
                0x0000000008002adc                SAI2_IRQHandler
                0x0000000008002adc                USART6_IRQHandler
                0x0000000008002adc                USART3_IRQHandler
                0x0000000008002adc                UART5_IRQHandler
                0x0000000008002adc                DMA2_Stream0_IRQHandler
                0x0000000008002adc                TIM4_IRQHandler
                0x0000000008002adc                QUADSPI_IRQHandler
                0x0000000008002adc                I2C1_EV_IRQHandler
                0x0000000008002adc                DMA1_Stream6_IRQHandler
                0x0000000008002adc                DMA1_Stream1_IRQHandler
                0x0000000008002adc                UART4_IRQHandler
                0x0000000008002adc                TIM3_IRQHandler
                0x0000000008002adc                RCC_IRQHandler
                0x0000000008002adc                TIM8_BRK_TIM12_IRQHandler
                0x0000000008002adc                Default_Handler
                0x0000000008002adc                CEC_IRQHandler
                0x0000000008002adc                EXTI15_10_IRQHandler
                0x0000000008002adc                ADC_IRQHandler
                0x0000000008002adc                DMA1_Stream7_IRQHandler
                0x0000000008002adc                TIM7_IRQHandler
                0x0000000008002adc                CAN2_TX_IRQHandler
                0x0000000008002adc                TIM5_IRQHandler
                0x0000000008002adc                DMA2_Stream7_IRQHandler
                0x0000000008002adc                I2C3_EV_IRQHandler
                0x0000000008002adc                EXTI9_5_IRQHandler
                0x0000000008002adc                RTC_WKUP_IRQHandler
                0x0000000008002adc                SPDIF_RX_IRQHandler
                0x0000000008002adc                SPI2_IRQHandler
                0x0000000008002adc                OTG_HS_EP1_IN_IRQHandler
                0x0000000008002adc                DMA1_Stream0_IRQHandler
                0x0000000008002adc                FMPI2C1_ER_IRQHandler
                0x0000000008002adc                EXTI4_IRQHandler
                0x0000000008002adc                OTG_HS_EP1_OUT_IRQHandler
                0x0000000008002adc                WWDG_IRQHandler
                0x0000000008002adc                TIM2_IRQHandler
                0x0000000008002adc                OTG_FS_WKUP_IRQHandler
                0x0000000008002adc                TIM1_TRG_COM_TIM11_IRQHandler
                0x0000000008002adc                OTG_HS_IRQHandler
                0x0000000008002adc                EXTI1_IRQHandler
                0x0000000008002adc                USART2_IRQHandler
                0x0000000008002adc                I2C2_ER_IRQHandler
                0x0000000008002adc                DMA2_Stream1_IRQHandler
                0x0000000008002adc                CAN1_SCE_IRQHandler
                0x0000000008002adc                FLASH_IRQHandler
                0x0000000008002adc                DMA2_Stream4_IRQHandler
                0x0000000008002adc                USART1_IRQHandler
                0x0000000008002adc                OTG_FS_IRQHandler
                0x0000000008002adc                SPI3_IRQHandler
                0x0000000008002adc                DMA1_Stream4_IRQHandler
                0x0000000008002adc                I2C1_ER_IRQHandler
                0x0000000008002adc                FMC_IRQHandler
                0x0000000008002adc                DMA2_Stream6_IRQHandler
                0x0000000008002adc                SAI1_IRQHandler
                0x0000000008002adc                DMA1_Stream3_IRQHandler
 .text.__cvt    0x0000000008002ade       0xc4 /opt/st/stm32cubeclt/GNU-tools-for-STM32/bin/../lib/gcc/arm-none-eabi/11.3.1/../../../../arm-none-eabi/lib/thumb/v7e-m+fp/hard/libc_nano.a(libc_a-nano-vfprintf_float.o)
                0x0000000008002ade                __cvt
 .text.__exponent
                0x0000000008002ba2       0x7c /opt/st/stm32cubeclt/GNU-tools-for-STM32/bin/../lib/gcc/arm-none-eabi/11.3.1/../../../../arm-none-eabi/lib/thumb/v7e-m+fp/hard/libc_nano.a(libc_a-nano-vfprintf_float.o)
                0x0000000008002ba2                __exponent
 *fill*         0x0000000008002c1e        0x2 
 .text._printf_float
                0x0000000008002c20      0x46c /opt/st/stm32cubeclt/GNU-tools-for-STM32/bin/../lib/gcc/arm-none-eabi/11.3.1/../../../../arm-none-eabi/lib/thumb/v7e-m+fp/hard/libc_nano.a(libc_a-nano-vfprintf_float.o)
                0x0000000008002c20                _printf_float
 .text._printf_common
                0x000000000800308c       0xda /opt/st/stm32cubeclt/GNU-tools-for-STM32/bin/../lib/gcc/arm-none-eabi/11.3.1/../../../../arm-none-eabi/lib/thumb/v7e-m+fp/hard/libc_nano.a(libc_a-nano-vfprintf_i.o)
                0x000000000800308c                _printf_common
 *fill*         0x0000000008003166        0x2 
 .text._printf_i
                0x0000000008003168      0x244 /opt/st/stm32cubeclt/GNU-tools-for-STM32/bin/../lib/gcc/arm-none-eabi/11.3.1/../../../../arm-none-eabi/lib/thumb/v7e-m+fp/hard/libc_nano.a(libc_a-nano-vfprintf_i.o)
                0x0000000008003168                _printf_i
 .text.std      0x00000000080033ac       0x48 /opt/st/stm32cubeclt/GNU-tools-for-STM32/bin/../lib/gcc/arm-none-eabi/11.3.1/../../../../arm-none-eabi/lib/thumb/v7e-m+fp/hard/libc_nano.a(libc_a-findfp.o)
 .text.stdio_exit_handler
                0x00000000080033f4       0x18 /opt/st/stm32cubeclt/GNU-tools-for-STM32/bin/../lib/gcc/arm-none-eabi/11.3.1/../../../../arm-none-eabi/lib/thumb/v7e-m+fp/hard/libc_nano.a(libc_a-findfp.o)
 .text.cleanup_stdio
                0x000000000800340c       0x40 /opt/st/stm32cubeclt/GNU-tools-for-STM32/bin/../lib/gcc/arm-none-eabi/11.3.1/../../../../arm-none-eabi/lib/thumb/v7e-m+fp/hard/libc_nano.a(libc_a-findfp.o)
 .text.global_stdio_init.part.0
                0x000000000800344c       0x3c /opt/st/stm32cubeclt/GNU-tools-for-STM32/bin/../lib/gcc/arm-none-eabi/11.3.1/../../../../arm-none-eabi/lib/thumb/v7e-m+fp/hard/libc_nano.a(libc_a-findfp.o)
 .text.__sfp_lock_acquire
                0x0000000008003488        0xc /opt/st/stm32cubeclt/GNU-tools-for-STM32/bin/../lib/gcc/arm-none-eabi/11.3.1/../../../../arm-none-eabi/lib/thumb/v7e-m+fp/hard/libc_nano.a(libc_a-findfp.o)
                0x0000000008003488                __sfp_lock_acquire
 .text.__sfp_lock_release
                0x0000000008003494        0xc /opt/st/stm32cubeclt/GNU-tools-for-STM32/bin/../lib/gcc/arm-none-eabi/11.3.1/../../../../arm-none-eabi/lib/thumb/v7e-m+fp/hard/libc_nano.a(libc_a-findfp.o)
                0x0000000008003494                __sfp_lock_release
 .text.__sinit  0x00000000080034a0       0x30 /opt/st/stm32cubeclt/GNU-tools-for-STM32/bin/../lib/gcc/arm-none-eabi/11.3.1/../../../../arm-none-eabi/lib/thumb/v7e-m+fp/hard/libc_nano.a(libc_a-findfp.o)
                0x00000000080034a0                __sinit
 .text._fwalk_sglue
                0x00000000080034d0       0x3c /opt/st/stm32cubeclt/GNU-tools-for-STM32/bin/../lib/gcc/arm-none-eabi/11.3.1/../../../../arm-none-eabi/lib/thumb/v7e-m+fp/hard/libc_nano.a(libc_a-fwalk.o)
                0x00000000080034d0                _fwalk_sglue
 .text.printf   0x000000000800350c       0x24 /opt/st/stm32cubeclt/GNU-tools-for-STM32/bin/../lib/gcc/arm-none-eabi/11.3.1/../../../../arm-none-eabi/lib/thumb/v7e-m+fp/hard/libc_nano.a(libc_a-printf.o)
                0x000000000800350c                printf
                0x000000000800350c                iprintf
 .text._puts_r  0x0000000008003530       0xa8 /opt/st/stm32cubeclt/GNU-tools-for-STM32/bin/../lib/gcc/arm-none-eabi/11.3.1/../../../../arm-none-eabi/lib/thumb/v7e-m+fp/hard/libc_nano.a(libc_a-puts.o)
                0x0000000008003530                _puts_r
 .text.puts     0x00000000080035d8       0x10 /opt/st/stm32cubeclt/GNU-tools-for-STM32/bin/../lib/gcc/arm-none-eabi/11.3.1/../../../../arm-none-eabi/lib/thumb/v7e-m+fp/hard/libc_nano.a(libc_a-puts.o)
                0x00000000080035d8                puts
 .text.setbuf   0x00000000080035e8       0x10 /opt/st/stm32cubeclt/GNU-tools-for-STM32/bin/../lib/gcc/arm-none-eabi/11.3.1/../../../../arm-none-eabi/lib/thumb/v7e-m+fp/hard/libc_nano.a(libc_a-setbuf.o)
                0x00000000080035e8                setbuf
 .text.setvbuf  0x00000000080035f8      0x15c /opt/st/stm32cubeclt/GNU-tools-for-STM32/bin/../lib/gcc/arm-none-eabi/11.3.1/../../../../arm-none-eabi/lib/thumb/v7e-m+fp/hard/libc_nano.a(libc_a-setvbuf.o)
                0x00000000080035f8                setvbuf
 .text.__sread  0x0000000008003754       0x22 /opt/st/stm32cubeclt/GNU-tools-for-STM32/bin/../lib/gcc/arm-none-eabi/11.3.1/../../../../arm-none-eabi/lib/thumb/v7e-m+fp/hard/libc_nano.a(libc_a-stdio.o)
                0x0000000008003754                __sread
 .text.__swrite
                0x0000000008003776       0x38 /opt/st/stm32cubeclt/GNU-tools-for-STM32/bin/../lib/gcc/arm-none-eabi/11.3.1/../../../../arm-none-eabi/lib/thumb/v7e-m+fp/hard/libc_nano.a(libc_a-stdio.o)
                0x0000000008003776                __swrite
 .text.__sseek  0x00000000080037ae       0x24 /opt/st/stm32cubeclt/GNU-tools-for-STM32/bin/../lib/gcc/arm-none-eabi/11.3.1/../../../../arm-none-eabi/lib/thumb/v7e-m+fp/hard/libc_nano.a(libc_a-stdio.o)
                0x00000000080037ae                __sseek
 .text.__sclose
                0x00000000080037d2        0x8 /opt/st/stm32cubeclt/GNU-tools-for-STM32/bin/../lib/gcc/arm-none-eabi/11.3.1/../../../../arm-none-eabi/lib/thumb/v7e-m+fp/hard/libc_nano.a(libc_a-stdio.o)
                0x00000000080037d2                __sclose
 .text.__swbuf_r
                0x00000000080037da       0x7a /opt/st/stm32cubeclt/GNU-tools-for-STM32/bin/../lib/gcc/arm-none-eabi/11.3.1/../../../../arm-none-eabi/lib/thumb/v7e-m+fp/hard/libc_nano.a(libc_a-wbuf.o)
                0x00000000080037da                __swbuf_r
 .text.__swsetup_r
                0x0000000008003854       0xb0 /opt/st/stm32cubeclt/GNU-tools-for-STM32/bin/../lib/gcc/arm-none-eabi/11.3.1/../../../../arm-none-eabi/lib/thumb/v7e-m+fp/hard/libc_nano.a(libc_a-wsetup.o)
                0x0000000008003854                __swsetup_r
 .text.memset   0x0000000008003904       0x10 /opt/st/stm32cubeclt/GNU-tools-for-STM32/bin/../lib/gcc/arm-none-eabi/11.3.1/../../../../arm-none-eabi/lib/thumb/v7e-m+fp/hard/libc_nano.a(libc_a-memset.o)
                0x0000000008003904                memset
 .text._localeconv_r
                0x0000000008003914        0x8 /opt/st/stm32cubeclt/GNU-tools-for-STM32/bin/../lib/gcc/arm-none-eabi/11.3.1/../../../../arm-none-eabi/lib/thumb/v7e-m+fp/hard/libc_nano.a(libc_a-localeconv.o)
                0x0000000008003914                _localeconv_r
 .text._close_r
                0x000000000800391c       0x20 /opt/st/stm32cubeclt/GNU-tools-for-STM32/bin/../lib/gcc/arm-none-eabi/11.3.1/../../../../arm-none-eabi/lib/thumb/v7e-m+fp/hard/libc_nano.a(libc_a-closer.o)
                0x000000000800391c                _close_r
 .text._lseek_r
                0x000000000800393c       0x24 /opt/st/stm32cubeclt/GNU-tools-for-STM32/bin/../lib/gcc/arm-none-eabi/11.3.1/../../../../arm-none-eabi/lib/thumb/v7e-m+fp/hard/libc_nano.a(libc_a-lseekr.o)
                0x000000000800393c                _lseek_r
 .text._read_r  0x0000000008003960       0x24 /opt/st/stm32cubeclt/GNU-tools-for-STM32/bin/../lib/gcc/arm-none-eabi/11.3.1/../../../../arm-none-eabi/lib/thumb/v7e-m+fp/hard/libc_nano.a(libc_a-readr.o)
                0x0000000008003960                _read_r
 .text._write_r
                0x0000000008003984       0x24 /opt/st/stm32cubeclt/GNU-tools-for-STM32/bin/../lib/gcc/arm-none-eabi/11.3.1/../../../../arm-none-eabi/lib/thumb/v7e-m+fp/hard/libc_nano.a(libc_a-writer.o)
                0x0000000008003984                _write_r
 .text.__errno  0x00000000080039a8        0xc /opt/st/stm32cubeclt/GNU-tools-for-STM32/bin/../lib/gcc/arm-none-eabi/11.3.1/../../../../arm-none-eabi/lib/thumb/v7e-m+fp/hard/libc_nano.a(libc_a-errno.o)
                0x00000000080039a8                __errno
 .text.__libc_init_array
                0x00000000080039b4       0x48 /opt/st/stm32cubeclt/GNU-tools-for-STM32/bin/../lib/gcc/arm-none-eabi/11.3.1/../../../../arm-none-eabi/lib/thumb/v7e-m+fp/hard/libc_nano.a(libc_a-init.o)
                0x00000000080039b4                __libc_init_array
 .text.__retarget_lock_acquire_recursive
                0x00000000080039fc        0x2 /opt/st/stm32cubeclt/GNU-tools-for-STM32/bin/../lib/gcc/arm-none-eabi/11.3.1/../../../../arm-none-eabi/lib/thumb/v7e-m+fp/hard/libc_nano.a(libc_a-lock.o)
                0x00000000080039fc                __retarget_lock_acquire_recursive
 .text.__retarget_lock_release_recursive
                0x00000000080039fe        0x2 /opt/st/stm32cubeclt/GNU-tools-for-STM32/bin/../lib/gcc/arm-none-eabi/11.3.1/../../../../arm-none-eabi/lib/thumb/v7e-m+fp/hard/libc_nano.a(libc_a-lock.o)
                0x00000000080039fe                __retarget_lock_release_recursive
 .text.quorem   0x0000000008003a00      0x110 /opt/st/stm32cubeclt/GNU-tools-for-STM32/bin/../lib/gcc/arm-none-eabi/11.3.1/../../../../arm-none-eabi/lib/thumb/v7e-m+fp/hard/libc_nano.a(libc_a-dtoa.o)
 .text._dtoa_r  0x0000000008003b10      0xbe4 /opt/st/stm32cubeclt/GNU-tools-for-STM32/bin/../lib/gcc/arm-none-eabi/11.3.1/../../../../arm-none-eabi/lib/thumb/v7e-m+fp/hard/libc_nano.a(libc_a-dtoa.o)
                0x0000000008003b10                _dtoa_r
 .text._free_r  0x00000000080046f4       0x98 /opt/st/stm32cubeclt/GNU-tools-for-STM32/bin/../lib/gcc/arm-none-eabi/11.3.1/../../../../arm-none-eabi/lib/thumb/v7e-m+fp/hard/libc_nano.a(libc_a-freer.o)
                0x00000000080046f4                _free_r
 .text.malloc   0x000000000800478c       0x10 /opt/st/stm32cubeclt/GNU-tools-for-STM32/bin/../lib/gcc/arm-none-eabi/11.3.1/../../../../arm-none-eabi/lib/thumb/v7e-m+fp/hard/libc_nano.a(libc_a-malloc.o)
                0x000000000800478c                malloc
 .text.sbrk_aligned
                0x000000000800479c       0x40 /opt/st/stm32cubeclt/GNU-tools-for-STM32/bin/../lib/gcc/arm-none-eabi/11.3.1/../../../../arm-none-eabi/lib/thumb/v7e-m+fp/hard/libc_nano.a(libc_a-mallocr.o)
 .text._malloc_r
                0x00000000080047dc      0x100 /opt/st/stm32cubeclt/GNU-tools-for-STM32/bin/../lib/gcc/arm-none-eabi/11.3.1/../../../../arm-none-eabi/lib/thumb/v7e-m+fp/hard/libc_nano.a(libc_a-mallocr.o)
                0x00000000080047dc                _malloc_r
 .text.__malloc_lock
                0x00000000080048dc        0xc /opt/st/stm32cubeclt/GNU-tools-for-STM32/bin/../lib/gcc/arm-none-eabi/11.3.1/../../../../arm-none-eabi/lib/thumb/v7e-m+fp/hard/libc_nano.a(libc_a-mlock.o)
                0x00000000080048dc                __malloc_lock
 .text.__malloc_unlock
                0x00000000080048e8        0xc /opt/st/stm32cubeclt/GNU-tools-for-STM32/bin/../lib/gcc/arm-none-eabi/11.3.1/../../../../arm-none-eabi/lib/thumb/v7e-m+fp/hard/libc_nano.a(libc_a-mlock.o)
                0x00000000080048e8                __malloc_unlock
 .text._Balloc  0x00000000080048f4       0x80 /opt/st/stm32cubeclt/GNU-tools-for-STM32/bin/../lib/gcc/arm-none-eabi/11.3.1/../../../../arm-none-eabi/lib/thumb/v7e-m+fp/hard/libc_nano.a(libc_a-mprec.o)
                0x00000000080048f4                _Balloc
 .text._Bfree   0x0000000008004974       0x44 /opt/st/stm32cubeclt/GNU-tools-for-STM32/bin/../lib/gcc/arm-none-eabi/11.3.1/../../../../arm-none-eabi/lib/thumb/v7e-m+fp/hard/libc_nano.a(libc_a-mprec.o)
                0x0000000008004974                _Bfree
 .text.__multadd
                0x00000000080049b8       0x8c /opt/st/stm32cubeclt/GNU-tools-for-STM32/bin/../lib/gcc/arm-none-eabi/11.3.1/../../../../arm-none-eabi/lib/thumb/v7e-m+fp/hard/libc_nano.a(libc_a-mprec.o)
                0x00000000080049b8                __multadd
 .text.__hi0bits
                0x0000000008004a44       0x40 /opt/st/stm32cubeclt/GNU-tools-for-STM32/bin/../lib/gcc/arm-none-eabi/11.3.1/../../../../arm-none-eabi/lib/thumb/v7e-m+fp/hard/libc_nano.a(libc_a-mprec.o)
                0x0000000008004a44                __hi0bits
 .text.__lo0bits
                0x0000000008004a84       0x5a /opt/st/stm32cubeclt/GNU-tools-for-STM32/bin/../lib/gcc/arm-none-eabi/11.3.1/../../../../arm-none-eabi/lib/thumb/v7e-m+fp/hard/libc_nano.a(libc_a-mprec.o)
                0x0000000008004a84                __lo0bits
 *fill*         0x0000000008004ade        0x2 
 .text.__i2b    0x0000000008004ae0       0x2c /opt/st/stm32cubeclt/GNU-tools-for-STM32/bin/../lib/gcc/arm-none-eabi/11.3.1/../../../../arm-none-eabi/lib/thumb/v7e-m+fp/hard/libc_nano.a(libc_a-mprec.o)
                0x0000000008004ae0                __i2b
 .text.__multiply
                0x0000000008004b0c      0x154 /opt/st/stm32cubeclt/GNU-tools-for-STM32/bin/../lib/gcc/arm-none-eabi/11.3.1/../../../../arm-none-eabi/lib/thumb/v7e-m+fp/hard/libc_nano.a(libc_a-mprec.o)
                0x0000000008004b0c                __multiply
 .text.__pow5mult
                0x0000000008004c60       0xb4 /opt/st/stm32cubeclt/GNU-tools-for-STM32/bin/../lib/gcc/arm-none-eabi/11.3.1/../../../../arm-none-eabi/lib/thumb/v7e-m+fp/hard/libc_nano.a(libc_a-mprec.o)
                0x0000000008004c60                __pow5mult
 .text.__lshift
                0x0000000008004d14       0xd8 /opt/st/stm32cubeclt/GNU-tools-for-STM32/bin/../lib/gcc/arm-none-eabi/11.3.1/../../../../arm-none-eabi/lib/thumb/v7e-m+fp/hard/libc_nano.a(libc_a-mprec.o)
                0x0000000008004d14                __lshift
 .text.__mcmp   0x0000000008004dec       0x38 /opt/st/stm32cubeclt/GNU-tools-for-STM32/bin/../lib/gcc/arm-none-eabi/11.3.1/../../../../arm-none-eabi/lib/thumb/v7e-m+fp/hard/libc_nano.a(libc_a-mprec.o)
                0x0000000008004dec                __mcmp
 .text.__mdiff  0x0000000008004e24      0x114 /opt/st/stm32cubeclt/GNU-tools-for-STM32/bin/../lib/gcc/arm-none-eabi/11.3.1/../../../../arm-none-eabi/lib/thumb/v7e-m+fp/hard/libc_nano.a(libc_a-mprec.o)
                0x0000000008004e24                __mdiff
 .text.__d2b    0x0000000008004f38       0xb4 /opt/st/stm32cubeclt/GNU-tools-for-STM32/bin/../lib/gcc/arm-none-eabi/11.3.1/../../../../arm-none-eabi/lib/thumb/v7e-m+fp/hard/libc_nano.a(libc_a-mprec.o)
                0x0000000008004f38                __d2b
 .text.__sfputc_r
                0x0000000008004fec       0x2e /opt/st/stm32cubeclt/GNU-tools-for-STM32/bin/../lib/gcc/arm-none-eabi/11.3.1/../../../../arm-none-eabi/lib/thumb/v7e-m+fp/hard/libc_nano.a(libc_a-nano-vfprintf.o)
 .text.__sfputs_r
                0x000000000800501a       0x24 /opt/st/stm32cubeclt/GNU-tools-for-STM32/bin/../lib/gcc/arm-none-eabi/11.3.1/../../../../arm-none-eabi/lib/thumb/v7e-m+fp/hard/libc_nano.a(libc_a-nano-vfprintf.o)
                0x000000000800501a                __sfputs_r
 *fill*         0x000000000800503e        0x2 
 .text._vfprintf_r
                0x0000000008005040      0x234 /opt/st/stm32cubeclt/GNU-tools-for-STM32/bin/../lib/gcc/arm-none-eabi/11.3.1/../../../../arm-none-eabi/lib/thumb/v7e-m+fp/hard/libc_nano.a(libc_a-nano-vfprintf.o)
                0x0000000008005040                _vfiprintf_r
                0x0000000008005040                _vfprintf_r
 .text.__sflush_r
                0x0000000008005274      0x10c /opt/st/stm32cubeclt/GNU-tools-for-STM32/bin/../lib/gcc/arm-none-eabi/11.3.1/../../../../arm-none-eabi/lib/thumb/v7e-m+fp/hard/libc_nano.a(libc_a-fflush.o)
                0x0000000008005274                __sflush_r
 .text._fflush_r
                0x0000000008005380       0x50 /opt/st/stm32cubeclt/GNU-tools-for-STM32/bin/../lib/gcc/arm-none-eabi/11.3.1/../../../../arm-none-eabi/lib/thumb/v7e-m+fp/hard/libc_nano.a(libc_a-fflush.o)
                0x0000000008005380                _fflush_r
 .text.__swhatbuf_r
                0x00000000080053d0       0x4c /opt/st/stm32cubeclt/GNU-tools-for-STM32/bin/../lib/gcc/arm-none-eabi/11.3.1/../../../../arm-none-eabi/lib/thumb/v7e-m+fp/hard/libc_nano.a(libc_a-makebuf.o)
                0x00000000080053d0                __swhatbuf_r
 .text.__smakebuf_r
                0x000000000800541c       0x78 /opt/st/stm32cubeclt/GNU-tools-for-STM32/bin/../lib/gcc/arm-none-eabi/11.3.1/../../../../arm-none-eabi/lib/thumb/v7e-m+fp/hard/libc_nano.a(libc_a-makebuf.o)
                0x000000000800541c                __smakebuf_r
 .text._fstat_r
                0x0000000008005494       0x24 /opt/st/stm32cubeclt/GNU-tools-for-STM32/bin/../lib/gcc/arm-none-eabi/11.3.1/../../../../arm-none-eabi/lib/thumb/v7e-m+fp/hard/libc_nano.a(libc_a-fstatr.o)
                0x0000000008005494                _fstat_r
 .text._isatty_r
                0x00000000080054b8       0x20 /opt/st/stm32cubeclt/GNU-tools-for-STM32/bin/../lib/gcc/arm-none-eabi/11.3.1/../../../../arm-none-eabi/lib/thumb/v7e-m+fp/hard/libc_nano.a(libc_a-isattyr.o)
                0x00000000080054b8                _isatty_r
 .text._sbrk_r  0x00000000080054d8       0x20 /opt/st/stm32cubeclt/GNU-tools-for-STM32/bin/../lib/gcc/arm-none-eabi/11.3.1/../../../../arm-none-eabi/lib/thumb/v7e-m+fp/hard/libc_nano.a(libc_a-sbrkr.o)
                0x00000000080054d8                _sbrk_r
 .text.memcpy   0x00000000080054f8       0x1c /opt/st/stm32cubeclt/GNU-tools-for-STM32/bin/../lib/gcc/arm-none-eabi/11.3.1/../../../../arm-none-eabi/lib/thumb/v7e-m+fp/hard/libc_nano.a(libc_a-memcpy-stub.o)
                0x00000000080054f8                memcpy
 .text.__assert_func
                0x0000000008005514       0x3c /opt/st/stm32cubeclt/GNU-tools-for-STM32/bin/../lib/gcc/arm-none-eabi/11.3.1/../../../../arm-none-eabi/lib/thumb/v7e-m+fp/hard/libc_nano.a(libc_a-assert.o)
                0x0000000008005514                __assert_func
 .text._calloc_r
                0x0000000008005550       0x2c /opt/st/stm32cubeclt/GNU-tools-for-STM32/bin/../lib/gcc/arm-none-eabi/11.3.1/../../../../arm-none-eabi/lib/thumb/v7e-m+fp/hard/libc_nano.a(libc_a-callocr.o)
                0x0000000008005550                _calloc_r
 .text.__ascii_mbtowc
                0x000000000800557c       0x24 /opt/st/stm32cubeclt/GNU-tools-for-STM32/bin/../lib/gcc/arm-none-eabi/11.3.1/../../../../arm-none-eabi/lib/thumb/v7e-m+fp/hard/libc_nano.a(libc_a-mbtowc_r.o)
                0x000000000800557c                __ascii_mbtowc
 .text.__ascii_wctomb
                0x00000000080055a0       0x1a /opt/st/stm32cubeclt/GNU-tools-for-STM32/bin/../lib/gcc/arm-none-eabi/11.3.1/../../../../arm-none-eabi/lib/thumb/v7e-m+fp/hard/libc_nano.a(libc_a-wctomb_r.o)
                0x00000000080055a0                __ascii_wctomb
 *fill*         0x00000000080055ba        0x2 
 .text.fprintf  0x00000000080055bc       0x24 /opt/st/stm32cubeclt/GNU-tools-for-STM32/bin/../lib/gcc/arm-none-eabi/11.3.1/../../../../arm-none-eabi/lib/thumb/v7e-m+fp/hard/libc_nano.a(libc_a-fprintf.o)
                0x00000000080055bc                fprintf
                0x00000000080055bc                fiprintf
 .text.abort    0x00000000080055e0        0xe /opt/st/stm32cubeclt/GNU-tools-for-STM32/bin/../lib/gcc/arm-none-eabi/11.3.1/../../../../arm-none-eabi/lib/thumb/v7e-m+fp/hard/libc_nano.a(libc_a-abort.o)
                0x00000000080055e0                abort
 .text._raise_r
                0x00000000080055ee       0x50 /opt/st/stm32cubeclt/GNU-tools-for-STM32/bin/../lib/gcc/arm-none-eabi/11.3.1/../../../../arm-none-eabi/lib/thumb/v7e-m+fp/hard/libc_nano.a(libc_a-signal.o)
                0x00000000080055ee                _raise_r
 *fill*         0x000000000800563e        0x2 
 .text.raise    0x0000000008005640       0x10 /opt/st/stm32cubeclt/GNU-tools-for-STM32/bin/../lib/gcc/arm-none-eabi/11.3.1/../../../../arm-none-eabi/lib/thumb/v7e-m+fp/hard/libc_nano.a(libc_a-signal.o)
                0x0000000008005640                raise
 .text._kill_r  0x0000000008005650       0x24 /opt/st/stm32cubeclt/GNU-tools-for-STM32/bin/../lib/gcc/arm-none-eabi/11.3.1/../../../../arm-none-eabi/lib/thumb/v7e-m+fp/hard/libc_nano.a(libc_a-signalr.o)
                0x0000000008005650                _kill_r
 .text._getpid_r
                0x0000000008005674        0x4 /opt/st/stm32cubeclt/GNU-tools-for-STM32/bin/../lib/gcc/arm-none-eabi/11.3.1/../../../../arm-none-eabi/lib/thumb/v7e-m+fp/hard/libc_nano.a(libc_a-signalr.o)
                0x0000000008005674                _getpid_r
 .text._sbrk    0x0000000008005678       0x1c /opt/st/stm32cubeclt/GNU-tools-for-STM32/bin/../lib/gcc/arm-none-eabi/11.3.1/../../../../arm-none-eabi/lib/thumb/v7e-m+fp/hard/libnosys.a(sbrk.o)
                0x0000000008005678                _sbrk
 *(.glue_7)
 .glue_7        0x0000000008005694        0x0 linker stubs
 *(.glue_7t)
 .glue_7t       0x0000000008005694        0x0 linker stubs
 *(.eh_frame)
 .eh_frame      0x0000000008005694        0x0 /opt/st/stm32cubeclt/GNU-tools-for-STM32/bin/../lib/gcc/arm-none-eabi/11.3.1/thumb/v7e-m+fp/hard/crtbegin.o
 *(.init)
 .init          0x0000000008005694        0x4 /opt/st/stm32cubeclt/GNU-tools-for-STM32/bin/../lib/gcc/arm-none-eabi/11.3.1/thumb/v7e-m+fp/hard/crti.o
                0x0000000008005694                _init
 .init          0x0000000008005698        0x8 /opt/st/stm32cubeclt/GNU-tools-for-STM32/bin/../lib/gcc/arm-none-eabi/11.3.1/thumb/v7e-m+fp/hard/crtn.o
 *(.fini)
 .fini          0x00000000080056a0        0x4 /opt/st/stm32cubeclt/GNU-tools-for-STM32/bin/../lib/gcc/arm-none-eabi/11.3.1/thumb/v7e-m+fp/hard/crti.o
                0x00000000080056a0                _fini
 .fini          0x00000000080056a4        0x8 /opt/st/stm32cubeclt/GNU-tools-for-STM32/bin/../lib/gcc/arm-none-eabi/11.3.1/thumb/v7e-m+fp/hard/crtn.o
                0x00000000080056ac                . = ALIGN (0x4)
                0x00000000080056ac                _etext = .

.vfp11_veneer   0x00000000080056ac        0x0
 .vfp11_veneer  0x00000000080056ac        0x0 linker stubs

.v4_bx          0x00000000080056ac        0x0
 .v4_bx         0x00000000080056ac        0x0 linker stubs

.iplt           0x00000000080056ac        0x0
 .iplt          0x00000000080056ac        0x0 /opt/st/stm32cubeclt/GNU-tools-for-STM32/bin/../lib/gcc/arm-none-eabi/11.3.1/thumb/v7e-m+fp/hard/crtbegin.o

.rodata         0x00000000080056b0      0x42c
                0x00000000080056b0                . = ALIGN (0x4)
 *(.rodata)
 *(.rodata*)
 .rodata.main.str1.4
                0x00000000080056b0        0xc build/main.o
 .rodata.AHBPrescTable
                0x00000000080056bc       0x10 build/system_stm32f4xx.o
                0x00000000080056bc                AHBPrescTable
 .rodata.APBPrescTable
                0x00000000080056cc        0x8 build/system_stm32f4xx.o
                0x00000000080056cc                APBPrescTable
 .rodata.HAL_CAN_RxFifo0MsgPendingCallback.str1.4
                0x00000000080056d4       0x54 build/can.o
 .rodata.CanActivation.str1.4
                0x0000000008005728       0x2d build/can.o
 *fill*         0x0000000008005755        0x3 
 .rodata.CanVescDrive.str1.4
                0x0000000008005758        0xf build/can.o
 .rodata._printf_float.str1.1
                0x0000000008005767       0x12 /opt/st/stm32cubeclt/GNU-tools-for-STM32/bin/../lib/gcc/arm-none-eabi/11.3.1/../../../../arm-none-eabi/lib/thumb/v7e-m+fp/hard/libc_nano.a(libc_a-nano-vfprintf_float.o)
 .rodata._printf_i.str1.1
                0x0000000008005779       0x22 /opt/st/stm32cubeclt/GNU-tools-for-STM32/bin/../lib/gcc/arm-none-eabi/11.3.1/../../../../arm-none-eabi/lib/thumb/v7e-m+fp/hard/libc_nano.a(libc_a-nano-vfprintf_i.o)
 .rodata._dtoa_r.str1.1
                0x000000000800579b       0x8d /opt/st/stm32cubeclt/GNU-tools-for-STM32/bin/../lib/gcc/arm-none-eabi/11.3.1/../../../../arm-none-eabi/lib/thumb/v7e-m+fp/hard/libc_nano.a(libc_a-dtoa.o)
                                         0x8f (size before relaxing)
 .rodata._Balloc.str1.1
                0x0000000008005828       0x59 /opt/st/stm32cubeclt/GNU-tools-for-STM32/bin/../lib/gcc/arm-none-eabi/11.3.1/../../../../arm-none-eabi/lib/thumb/v7e-m+fp/hard/libc_nano.a(libc_a-mprec.o)
                                         0x70 (size before relaxing)
 .rodata.__multadd.str1.1
                0x0000000008005881       0x11 /opt/st/stm32cubeclt/GNU-tools-for-STM32/bin/../lib/gcc/arm-none-eabi/11.3.1/../../../../arm-none-eabi/lib/thumb/v7e-m+fp/hard/libc_nano.a(libc_a-mprec.o)
 *fill*         0x0000000008005881        0x7 
 .rodata.__mprec_bigtens
                0x0000000008005888       0x28 /opt/st/stm32cubeclt/GNU-tools-for-STM32/bin/../lib/gcc/arm-none-eabi/11.3.1/../../../../arm-none-eabi/lib/thumb/v7e-m+fp/hard/libc_nano.a(libc_a-mprec.o)
                0x0000000008005888                __mprec_bigtens
 .rodata.__mprec_tens
                0x00000000080058b0       0xc8 /opt/st/stm32cubeclt/GNU-tools-for-STM32/bin/../lib/gcc/arm-none-eabi/11.3.1/../../../../arm-none-eabi/lib/thumb/v7e-m+fp/hard/libc_nano.a(libc_a-mprec.o)
                0x00000000080058b0                __mprec_tens
 .rodata.p05.0  0x0000000008005978        0xc /opt/st/stm32cubeclt/GNU-tools-for-STM32/bin/../lib/gcc/arm-none-eabi/11.3.1/../../../../arm-none-eabi/lib/thumb/v7e-m+fp/hard/libc_nano.a(libc_a-mprec.o)
 .rodata._vfprintf_r.str1.1
                0x0000000008005984       0x11 /opt/st/stm32cubeclt/GNU-tools-for-STM32/bin/../lib/gcc/arm-none-eabi/11.3.1/../../../../arm-none-eabi/lib/thumb/v7e-m+fp/hard/libc_nano.a(libc_a-nano-vfprintf.o)
 .rodata._setlocale_r.str1.1
                0x0000000008005995        0x8 /opt/st/stm32cubeclt/GNU-tools-for-STM32/bin/../lib/gcc/arm-none-eabi/11.3.1/../../../../arm-none-eabi/lib/thumb/v7e-m+fp/hard/libc_nano.a(libc_a-locale.o)
                                          0x9 (size before relaxing)
 .rodata.str1.1
                0x000000000800599d        0x2 /opt/st/stm32cubeclt/GNU-tools-for-STM32/bin/../lib/gcc/arm-none-eabi/11.3.1/../../../../arm-none-eabi/lib/thumb/v7e-m+fp/hard/libc_nano.a(libc_a-locale.o)
 .rodata.__assert_func.str1.1
                0x000000000800599f       0x3c /opt/st/stm32cubeclt/GNU-tools-for-STM32/bin/../lib/gcc/arm-none-eabi/11.3.1/../../../../arm-none-eabi/lib/thumb/v7e-m+fp/hard/libc_nano.a(libc_a-assert.o)
                                         0x3d (size before relaxing)
 .rodata._ctype_
                0x00000000080059db      0x101 /opt/st/stm32cubeclt/GNU-tools-for-STM32/bin/../lib/gcc/arm-none-eabi/11.3.1/../../../../arm-none-eabi/lib/thumb/v7e-m+fp/hard/libc_nano.a(libc_a-ctype_.o)
                0x00000000080059db                _ctype_
                0x0000000008005adc                . = ALIGN (0x4)

.ARM.extab
 *(.ARM.extab* .gnu.linkonce.armextab.*)

.ARM            0x0000000008005adc        0x8
                0x0000000008005adc                __exidx_start = .
 *(.ARM.exidx*)
 .ARM.exidx     0x0000000008005adc        0x8 /opt/st/stm32cubeclt/GNU-tools-for-STM32/bin/../lib/gcc/arm-none-eabi/11.3.1/thumb/v7e-m+fp/hard/libgcc.a(_udivmoddi4.o)
                0x0000000008005ae4                __exidx_end = .

.rel.dyn        0x0000000008005ae4        0x0
 .rel.iplt      0x0000000008005ae4        0x0 /opt/st/stm32cubeclt/GNU-tools-for-STM32/bin/../lib/gcc/arm-none-eabi/11.3.1/thumb/v7e-m+fp/hard/crtbegin.o

.preinit_array  0x0000000008005ae4        0x0
                0x0000000008005ae4                PROVIDE (__preinit_array_start = .)
 *(.preinit_array*)
                0x0000000008005ae4                PROVIDE (__preinit_array_end = .)

.init_array     0x0000000008005ae4        0x4
                0x0000000008005ae4                PROVIDE (__init_array_start = .)
 *(SORT_BY_NAME(.init_array.*))
 *(.init_array*)
 .init_array    0x0000000008005ae4        0x4 /opt/st/stm32cubeclt/GNU-tools-for-STM32/bin/../lib/gcc/arm-none-eabi/11.3.1/thumb/v7e-m+fp/hard/crtbegin.o
                0x0000000008005ae8                PROVIDE (__init_array_end = .)

.fini_array     0x0000000008005ae8        0x4
                [!provide]                        PROVIDE (__fini_array_start = .)
 *(SORT_BY_NAME(.fini_array.*))
 *(.fini_array*)
 .fini_array    0x0000000008005ae8        0x4 /opt/st/stm32cubeclt/GNU-tools-for-STM32/bin/../lib/gcc/arm-none-eabi/11.3.1/thumb/v7e-m+fp/hard/crtbegin.o
                [!provide]                        PROVIDE (__fini_array_end = .)
                0x0000000008005aec                _sidata = LOADADDR (.data)

.data           0x0000000020000000      0x1d4 load address 0x0000000008005aec
                0x0000000020000000                . = ALIGN (0x4)
                0x0000000020000000                _sdata = .
 *(.data)
 *(.data*)
 .data.uwTickFreq
                0x0000000020000000        0x1 build/stm32f4xx_hal.o
                0x0000000020000000                uwTickFreq
 *fill*         0x0000000020000001        0x3 
 .data.uwTickPrio
                0x0000000020000004        0x4 build/stm32f4xx_hal.o
                0x0000000020000004                uwTickPrio
 .data.SystemCoreClock
                0x0000000020000008        0x4 build/system_stm32f4xx.o
                0x0000000020000008                SystemCoreClock
 .data.__sglue  0x000000002000000c        0xc /opt/st/stm32cubeclt/GNU-tools-for-STM32/bin/../lib/gcc/arm-none-eabi/11.3.1/../../../../arm-none-eabi/lib/thumb/v7e-m+fp/hard/libc_nano.a(libc_a-findfp.o)
                0x000000002000000c                __sglue
 .data._impure_data
                0x0000000020000018       0x4c /opt/st/stm32cubeclt/GNU-tools-for-STM32/bin/../lib/gcc/arm-none-eabi/11.3.1/../../../../arm-none-eabi/lib/thumb/v7e-m+fp/hard/libc_nano.a(libc_a-impure.o)
                0x0000000020000018                _impure_data
 .data._impure_ptr
                0x0000000020000064        0x4 /opt/st/stm32cubeclt/GNU-tools-for-STM32/bin/../lib/gcc/arm-none-eabi/11.3.1/../../../../arm-none-eabi/lib/thumb/v7e-m+fp/hard/libc_nano.a(libc_a-impure.o)
                0x0000000020000064                _impure_ptr
 .data.__global_locale
                0x0000000020000068      0x16c /opt/st/stm32cubeclt/GNU-tools-for-STM32/bin/../lib/gcc/arm-none-eabi/11.3.1/../../../../arm-none-eabi/lib/thumb/v7e-m+fp/hard/libc_nano.a(libc_a-locale.o)
                0x0000000020000068                __global_locale
                0x00000000200001d4                . = ALIGN (0x4)
                0x00000000200001d4                _edata = .

.igot.plt       0x00000000200001d4        0x0 load address 0x0000000008005cc0
 .igot.plt      0x00000000200001d4        0x0 /opt/st/stm32cubeclt/GNU-tools-for-STM32/bin/../lib/gcc/arm-none-eabi/11.3.1/thumb/v7e-m+fp/hard/crtbegin.o
                0x00000000200001d4                . = ALIGN (0x4)

.bss            0x00000000200001d4      0x224 load address 0x0000000008005cc0
                0x00000000200001d4                _sbss = .
                0x00000000200001d4                __bss_start__ = _sbss
 *(.bss)
 .bss           0x00000000200001d4       0x1c /opt/st/stm32cubeclt/GNU-tools-for-STM32/bin/../lib/gcc/arm-none-eabi/11.3.1/thumb/v7e-m+fp/hard/crtbegin.o
 *(.bss*)
 .bss.uwTick    0x00000000200001f0        0x4 build/stm32f4xx_hal.o
                0x00000000200001f0                uwTick
 .bss.RxData    0x00000000200001f4        0x8 build/can.o
                0x00000000200001f4                RxData
 .bss.RxHeader  0x00000000200001fc       0x1c build/can.o
                0x00000000200001fc                RxHeader
 .bss.TxData    0x0000000020000218        0x8 build/can.o
                0x0000000020000218                TxData
 .bss.TxHeader  0x0000000020000220       0x18 build/can.o
                0x0000000020000220                TxHeader
 .bss.TxMailbox
                0x0000000020000238        0x4 build/can.o
                0x0000000020000238                TxMailbox
 .bss.hcan1     0x000000002000023c       0x28 build/can.o
                0x000000002000023c                hcan1
 .bss.huart2    0x0000000020000264       0x44 build/usart.o
                0x0000000020000264                huart2
 .bss.__sf      0x00000000200002a8      0x138 /opt/st/stm32cubeclt/GNU-tools-for-STM32/bin/../lib/gcc/arm-none-eabi/11.3.1/../../../../arm-none-eabi/lib/thumb/v7e-m+fp/hard/libc_nano.a(libc_a-findfp.o)
                0x00000000200002a8                __sf
 .bss.__stdio_exit_handler
                0x00000000200003e0        0x4 /opt/st/stm32cubeclt/GNU-tools-for-STM32/bin/../lib/gcc/arm-none-eabi/11.3.1/../../../../arm-none-eabi/lib/thumb/v7e-m+fp/hard/libc_nano.a(libc_a-findfp.o)
                0x00000000200003e0                __stdio_exit_handler
 .bss.errno     0x00000000200003e4        0x4 /opt/st/stm32cubeclt/GNU-tools-for-STM32/bin/../lib/gcc/arm-none-eabi/11.3.1/../../../../arm-none-eabi/lib/thumb/v7e-m+fp/hard/libc_nano.a(libc_a-reent.o)
                0x00000000200003e4                errno
 .bss.__lock___malloc_recursive_mutex
                0x00000000200003e8        0x1 /opt/st/stm32cubeclt/GNU-tools-for-STM32/bin/../lib/gcc/arm-none-eabi/11.3.1/../../../../arm-none-eabi/lib/thumb/v7e-m+fp/hard/libc_nano.a(libc_a-lock.o)
                0x00000000200003e8                __lock___malloc_recursive_mutex
 .bss.__lock___sfp_recursive_mutex
                0x00000000200003e9        0x1 /opt/st/stm32cubeclt/GNU-tools-for-STM32/bin/../lib/gcc/arm-none-eabi/11.3.1/../../../../arm-none-eabi/lib/thumb/v7e-m+fp/hard/libc_nano.a(libc_a-lock.o)
                0x00000000200003e9                __lock___sfp_recursive_mutex
 *fill*         0x00000000200003ea        0x2 
 .bss.__malloc_free_list
                0x00000000200003ec        0x4 /opt/st/stm32cubeclt/GNU-tools-for-STM32/bin/../lib/gcc/arm-none-eabi/11.3.1/../../../../arm-none-eabi/lib/thumb/v7e-m+fp/hard/libc_nano.a(libc_a-mallocr.o)
                0x00000000200003ec                __malloc_free_list
 .bss.__malloc_sbrk_start
                0x00000000200003f0        0x4 /opt/st/stm32cubeclt/GNU-tools-for-STM32/bin/../lib/gcc/arm-none-eabi/11.3.1/../../../../arm-none-eabi/lib/thumb/v7e-m+fp/hard/libc_nano.a(libc_a-mallocr.o)
                0x00000000200003f0                __malloc_sbrk_start
 .bss.heap_end.0
                0x00000000200003f4        0x4 /opt/st/stm32cubeclt/GNU-tools-for-STM32/bin/../lib/gcc/arm-none-eabi/11.3.1/../../../../arm-none-eabi/lib/thumb/v7e-m+fp/hard/libnosys.a(sbrk.o)
 *(COMMON)
                0x00000000200003f8                . = ALIGN (0x4)
                0x00000000200003f8                _ebss = .
                0x00000000200003f8                __bss_end__ = _ebss

._user_heap_stack
                0x00000000200003f8      0x600 load address 0x0000000008005cc0
                0x00000000200003f8                . = ALIGN (0x8)
                0x00000000200003f8                PROVIDE (end = .)
                [!provide]                        PROVIDE (_end = .)
                0x00000000200005f8                . = (. + _Min_Heap_Size)
 *fill*         0x00000000200003f8      0x200 
                0x00000000200009f8                . = (. + _Min_Stack_Size)
 *fill*         0x00000000200005f8      0x400 
                0x00000000200009f8                . = ALIGN (0x8)

/DISCARD/
 libc.a(*)
 libm.a(*)
 libgcc.a(*)

.ARM.attributes
                0x0000000000000000       0x30
 *(.ARM.attributes)
 .ARM.attributes
                0x0000000000000000       0x1e /opt/st/stm32cubeclt/GNU-tools-for-STM32/bin/../lib/gcc/arm-none-eabi/11.3.1/thumb/v7e-m+fp/hard/crti.o
 .ARM.attributes
                0x000000000000001e       0x34 /opt/st/stm32cubeclt/GNU-tools-for-STM32/bin/../lib/gcc/arm-none-eabi/11.3.1/thumb/v7e-m+fp/hard/crtbegin.o
 .ARM.attributes
                0x0000000000000052       0x34 build/main.o
 .ARM.attributes
                0x0000000000000086       0x34 build/stm32f4xx_it.o
 .ARM.attributes
                0x00000000000000ba       0x34 build/stm32f4xx_hal_msp.o
 .ARM.attributes
                0x00000000000000ee       0x34 build/stm32f4xx_hal_can.o
 .ARM.attributes
                0x0000000000000122       0x34 build/stm32f4xx_hal_rcc.o
 .ARM.attributes
                0x0000000000000156       0x34 build/stm32f4xx_hal_rcc_ex.o
 .ARM.attributes
                0x000000000000018a       0x34 build/stm32f4xx_hal_gpio.o
 .ARM.attributes
                0x00000000000001be       0x34 build/stm32f4xx_hal_cortex.o
 .ARM.attributes
                0x00000000000001f2       0x34 build/stm32f4xx_hal.o
 .ARM.attributes
                0x0000000000000226       0x34 build/stm32f4xx_hal_uart.o
 .ARM.attributes
                0x000000000000025a       0x34 build/system_stm32f4xx.o
 .ARM.attributes
                0x000000000000028e       0x34 build/gpio.o
 .ARM.attributes
                0x00000000000002c2       0x34 build/can.o
 .ARM.attributes
                0x00000000000002f6       0x34 build/usart.o
 .ARM.attributes
                0x000000000000032a       0x34 build/syscalls.o
 .ARM.attributes
                0x000000000000035e       0x21 build/startup_stm32f446xx.o
 .ARM.attributes
                0x000000000000037f       0x34 /opt/st/stm32cubeclt/GNU-tools-for-STM32/bin/../lib/gcc/arm-none-eabi/11.3.1/../../../../arm-none-eabi/lib/thumb/v7e-m+fp/hard/libc_nano.a(libc_a-nano-vfprintf_float.o)
 .ARM.attributes
                0x00000000000003b3       0x34 /opt/st/stm32cubeclt/GNU-tools-for-STM32/bin/../lib/gcc/arm-none-eabi/11.3.1/../../../../arm-none-eabi/lib/thumb/v7e-m+fp/hard/libc_nano.a(libc_a-nano-vfprintf_i.o)
 .ARM.attributes
                0x00000000000003e7       0x34 /opt/st/stm32cubeclt/GNU-tools-for-STM32/bin/../lib/gcc/arm-none-eabi/11.3.1/../../../../arm-none-eabi/lib/thumb/v7e-m+fp/hard/libc_nano.a(libc_a-findfp.o)
 .ARM.attributes
                0x000000000000041b       0x34 /opt/st/stm32cubeclt/GNU-tools-for-STM32/bin/../lib/gcc/arm-none-eabi/11.3.1/../../../../arm-none-eabi/lib/thumb/v7e-m+fp/hard/libc_nano.a(libc_a-fwalk.o)
 .ARM.attributes
                0x000000000000044f       0x34 /opt/st/stm32cubeclt/GNU-tools-for-STM32/bin/../lib/gcc/arm-none-eabi/11.3.1/../../../../arm-none-eabi/lib/thumb/v7e-m+fp/hard/libc_nano.a(libc_a-printf.o)
 .ARM.attributes
                0x0000000000000483       0x34 /opt/st/stm32cubeclt/GNU-tools-for-STM32/bin/../lib/gcc/arm-none-eabi/11.3.1/../../../../arm-none-eabi/lib/thumb/v7e-m+fp/hard/libc_nano.a(libc_a-puts.o)
 .ARM.attributes
                0x00000000000004b7       0x34 /opt/st/stm32cubeclt/GNU-tools-for-STM32/bin/../lib/gcc/arm-none-eabi/11.3.1/../../../../arm-none-eabi/lib/thumb/v7e-m+fp/hard/libc_nano.a(libc_a-setbuf.o)
 .ARM.attributes
                0x00000000000004eb       0x34 /opt/st/stm32cubeclt/GNU-tools-for-STM32/bin/../lib/gcc/arm-none-eabi/11.3.1/../../../../arm-none-eabi/lib/thumb/v7e-m+fp/hard/libc_nano.a(libc_a-setvbuf.o)
 .ARM.attributes
                0x000000000000051f       0x34 /opt/st/stm32cubeclt/GNU-tools-for-STM32/bin/../lib/gcc/arm-none-eabi/11.3.1/../../../../arm-none-eabi/lib/thumb/v7e-m+fp/hard/libc_nano.a(libc_a-stdio.o)
 .ARM.attributes
                0x0000000000000553       0x34 /opt/st/stm32cubeclt/GNU-tools-for-STM32/bin/../lib/gcc/arm-none-eabi/11.3.1/../../../../arm-none-eabi/lib/thumb/v7e-m+fp/hard/libc_nano.a(libc_a-wbuf.o)
 .ARM.attributes
                0x0000000000000587       0x34 /opt/st/stm32cubeclt/GNU-tools-for-STM32/bin/../lib/gcc/arm-none-eabi/11.3.1/../../../../arm-none-eabi/lib/thumb/v7e-m+fp/hard/libc_nano.a(libc_a-wsetup.o)
 .ARM.attributes
                0x00000000000005bb       0x34 /opt/st/stm32cubeclt/GNU-tools-for-STM32/bin/../lib/gcc/arm-none-eabi/11.3.1/../../../../arm-none-eabi/lib/thumb/v7e-m+fp/hard/libc_nano.a(libc_a-memset.o)
 .ARM.attributes
                0x00000000000005ef       0x34 /opt/st/stm32cubeclt/GNU-tools-for-STM32/bin/../lib/gcc/arm-none-eabi/11.3.1/../../../../arm-none-eabi/lib/thumb/v7e-m+fp/hard/libc_nano.a(libc_a-localeconv.o)
 .ARM.attributes
                0x0000000000000623       0x34 /opt/st/stm32cubeclt/GNU-tools-for-STM32/bin/../lib/gcc/arm-none-eabi/11.3.1/../../../../arm-none-eabi/lib/thumb/v7e-m+fp/hard/libc_nano.a(libc_a-closer.o)
 .ARM.attributes
                0x0000000000000657       0x34 /opt/st/stm32cubeclt/GNU-tools-for-STM32/bin/../lib/gcc/arm-none-eabi/11.3.1/../../../../arm-none-eabi/lib/thumb/v7e-m+fp/hard/libc_nano.a(libc_a-reent.o)
 .ARM.attributes
                0x000000000000068b       0x34 /opt/st/stm32cubeclt/GNU-tools-for-STM32/bin/../lib/gcc/arm-none-eabi/11.3.1/../../../../arm-none-eabi/lib/thumb/v7e-m+fp/hard/libc_nano.a(libc_a-impure.o)
 .ARM.attributes
                0x00000000000006bf       0x34 /opt/st/stm32cubeclt/GNU-tools-for-STM32/bin/../lib/gcc/arm-none-eabi/11.3.1/../../../../arm-none-eabi/lib/thumb/v7e-m+fp/hard/libc_nano.a(libc_a-lseekr.o)
 .ARM.attributes
                0x00000000000006f3       0x34 /opt/st/stm32cubeclt/GNU-tools-for-STM32/bin/../lib/gcc/arm-none-eabi/11.3.1/../../../../arm-none-eabi/lib/thumb/v7e-m+fp/hard/libc_nano.a(libc_a-readr.o)
 .ARM.attributes
                0x0000000000000727       0x34 /opt/st/stm32cubeclt/GNU-tools-for-STM32/bin/../lib/gcc/arm-none-eabi/11.3.1/../../../../arm-none-eabi/lib/thumb/v7e-m+fp/hard/libc_nano.a(libc_a-writer.o)
 .ARM.attributes
                0x000000000000075b       0x34 /opt/st/stm32cubeclt/GNU-tools-for-STM32/bin/../lib/gcc/arm-none-eabi/11.3.1/../../../../arm-none-eabi/lib/thumb/v7e-m+fp/hard/libc_nano.a(libc_a-errno.o)
 .ARM.attributes
                0x000000000000078f       0x34 /opt/st/stm32cubeclt/GNU-tools-for-STM32/bin/../lib/gcc/arm-none-eabi/11.3.1/../../../../arm-none-eabi/lib/thumb/v7e-m+fp/hard/libc_nano.a(libc_a-init.o)
 .ARM.attributes
                0x00000000000007c3       0x34 /opt/st/stm32cubeclt/GNU-tools-for-STM32/bin/../lib/gcc/arm-none-eabi/11.3.1/../../../../arm-none-eabi/lib/thumb/v7e-m+fp/hard/libc_nano.a(libc_a-lock.o)
 .ARM.attributes
                0x00000000000007f7       0x1c /opt/st/stm32cubeclt/GNU-tools-for-STM32/bin/../lib/gcc/arm-none-eabi/11.3.1/../../../../arm-none-eabi/lib/thumb/v7e-m+fp/hard/libc_nano.a(libc_a-memchr.o)
 .ARM.attributes
                0x0000000000000813       0x17 /opt/st/stm32cubeclt/GNU-tools-for-STM32/bin/../lib/gcc/arm-none-eabi/11.3.1/../../../../arm-none-eabi/lib/thumb/v7e-m+fp/hard/libc_nano.a(libc_a-strlen.o)
 .ARM.attributes
                0x000000000000082a       0x34 /opt/st/stm32cubeclt/GNU-tools-for-STM32/bin/../lib/gcc/arm-none-eabi/11.3.1/../../../../arm-none-eabi/lib/thumb/v7e-m+fp/hard/libc_nano.a(libc_a-dtoa.o)
 .ARM.attributes
                0x000000000000085e       0x34 /opt/st/stm32cubeclt/GNU-tools-for-STM32/bin/../lib/gcc/arm-none-eabi/11.3.1/../../../../arm-none-eabi/lib/thumb/v7e-m+fp/hard/libc_nano.a(libc_a-freer.o)
 .ARM.attributes
                0x0000000000000892       0x34 /opt/st/stm32cubeclt/GNU-tools-for-STM32/bin/../lib/gcc/arm-none-eabi/11.3.1/../../../../arm-none-eabi/lib/thumb/v7e-m+fp/hard/libc_nano.a(libc_a-malloc.o)
 .ARM.attributes
                0x00000000000008c6       0x34 /opt/st/stm32cubeclt/GNU-tools-for-STM32/bin/../lib/gcc/arm-none-eabi/11.3.1/../../../../arm-none-eabi/lib/thumb/v7e-m+fp/hard/libc_nano.a(libc_a-mallocr.o)
 .ARM.attributes
                0x00000000000008fa       0x34 /opt/st/stm32cubeclt/GNU-tools-for-STM32/bin/../lib/gcc/arm-none-eabi/11.3.1/../../../../arm-none-eabi/lib/thumb/v7e-m+fp/hard/libc_nano.a(libc_a-mlock.o)
 .ARM.attributes
                0x000000000000092e       0x34 /opt/st/stm32cubeclt/GNU-tools-for-STM32/bin/../lib/gcc/arm-none-eabi/11.3.1/../../../../arm-none-eabi/lib/thumb/v7e-m+fp/hard/libc_nano.a(libc_a-mprec.o)
 .ARM.attributes
                0x0000000000000962       0x34 /opt/st/stm32cubeclt/GNU-tools-for-STM32/bin/../lib/gcc/arm-none-eabi/11.3.1/../../../../arm-none-eabi/lib/thumb/v7e-m+fp/hard/libc_nano.a(libc_a-nano-vfprintf.o)
 .ARM.attributes
                0x0000000000000996       0x34 /opt/st/stm32cubeclt/GNU-tools-for-STM32/bin/../lib/gcc/arm-none-eabi/11.3.1/../../../../arm-none-eabi/lib/thumb/v7e-m+fp/hard/libc_nano.a(libc_a-fflush.o)
 .ARM.attributes
                0x00000000000009ca       0x34 /opt/st/stm32cubeclt/GNU-tools-for-STM32/bin/../lib/gcc/arm-none-eabi/11.3.1/../../../../arm-none-eabi/lib/thumb/v7e-m+fp/hard/libc_nano.a(libc_a-makebuf.o)
 .ARM.attributes
                0x00000000000009fe       0x34 /opt/st/stm32cubeclt/GNU-tools-for-STM32/bin/../lib/gcc/arm-none-eabi/11.3.1/../../../../arm-none-eabi/lib/thumb/v7e-m+fp/hard/libc_nano.a(libc_a-locale.o)
 .ARM.attributes
                0x0000000000000a32       0x34 /opt/st/stm32cubeclt/GNU-tools-for-STM32/bin/../lib/gcc/arm-none-eabi/11.3.1/../../../../arm-none-eabi/lib/thumb/v7e-m+fp/hard/libc_nano.a(libc_a-fstatr.o)
 .ARM.attributes
                0x0000000000000a66       0x34 /opt/st/stm32cubeclt/GNU-tools-for-STM32/bin/../lib/gcc/arm-none-eabi/11.3.1/../../../../arm-none-eabi/lib/thumb/v7e-m+fp/hard/libc_nano.a(libc_a-isattyr.o)
 .ARM.attributes
                0x0000000000000a9a       0x34 /opt/st/stm32cubeclt/GNU-tools-for-STM32/bin/../lib/gcc/arm-none-eabi/11.3.1/../../../../arm-none-eabi/lib/thumb/v7e-m+fp/hard/libc_nano.a(libc_a-sbrkr.o)
 .ARM.attributes
                0x0000000000000ace       0x34 /opt/st/stm32cubeclt/GNU-tools-for-STM32/bin/../lib/gcc/arm-none-eabi/11.3.1/../../../../arm-none-eabi/lib/thumb/v7e-m+fp/hard/libc_nano.a(libc_a-memcpy-stub.o)
 .ARM.attributes
                0x0000000000000b02       0x34 /opt/st/stm32cubeclt/GNU-tools-for-STM32/bin/../lib/gcc/arm-none-eabi/11.3.1/../../../../arm-none-eabi/lib/thumb/v7e-m+fp/hard/libc_nano.a(libc_a-assert.o)
 .ARM.attributes
                0x0000000000000b36       0x34 /opt/st/stm32cubeclt/GNU-tools-for-STM32/bin/../lib/gcc/arm-none-eabi/11.3.1/../../../../arm-none-eabi/lib/thumb/v7e-m+fp/hard/libc_nano.a(libc_a-callocr.o)
 .ARM.attributes
                0x0000000000000b6a       0x34 /opt/st/stm32cubeclt/GNU-tools-for-STM32/bin/../lib/gcc/arm-none-eabi/11.3.1/../../../../arm-none-eabi/lib/thumb/v7e-m+fp/hard/libc_nano.a(libc_a-mbtowc_r.o)
 .ARM.attributes
                0x0000000000000b9e       0x34 /opt/st/stm32cubeclt/GNU-tools-for-STM32/bin/../lib/gcc/arm-none-eabi/11.3.1/../../../../arm-none-eabi/lib/thumb/v7e-m+fp/hard/libc_nano.a(libc_a-wctomb_r.o)
 .ARM.attributes
                0x0000000000000bd2       0x34 /opt/st/stm32cubeclt/GNU-tools-for-STM32/bin/../lib/gcc/arm-none-eabi/11.3.1/../../../../arm-none-eabi/lib/thumb/v7e-m+fp/hard/libc_nano.a(libc_a-ctype_.o)
 .ARM.attributes
                0x0000000000000c06       0x34 /opt/st/stm32cubeclt/GNU-tools-for-STM32/bin/../lib/gcc/arm-none-eabi/11.3.1/../../../../arm-none-eabi/lib/thumb/v7e-m+fp/hard/libc_nano.a(libc_a-fprintf.o)
 .ARM.attributes
                0x0000000000000c3a       0x34 /opt/st/stm32cubeclt/GNU-tools-for-STM32/bin/../lib/gcc/arm-none-eabi/11.3.1/../../../../arm-none-eabi/lib/thumb/v7e-m+fp/hard/libc_nano.a(libc_a-abort.o)
 .ARM.attributes
                0x0000000000000c6e       0x34 /opt/st/stm32cubeclt/GNU-tools-for-STM32/bin/../lib/gcc/arm-none-eabi/11.3.1/../../../../arm-none-eabi/lib/thumb/v7e-m+fp/hard/libc_nano.a(libc_a-signal.o)
 .ARM.attributes
                0x0000000000000ca2       0x34 /opt/st/stm32cubeclt/GNU-tools-for-STM32/bin/../lib/gcc/arm-none-eabi/11.3.1/../../../../arm-none-eabi/lib/thumb/v7e-m+fp/hard/libc_nano.a(libc_a-signalr.o)
 .ARM.attributes
                0x0000000000000cd6       0x34 /opt/st/stm32cubeclt/GNU-tools-for-STM32/bin/../lib/gcc/arm-none-eabi/11.3.1/../../../../arm-none-eabi/lib/thumb/v7e-m+fp/hard/libnosys.a(sbrk.o)
 .ARM.attributes
                0x0000000000000d0a       0x1e /opt/st/stm32cubeclt/GNU-tools-for-STM32/bin/../lib/gcc/arm-none-eabi/11.3.1/thumb/v7e-m+fp/hard/libgcc.a(_arm_addsubdf3.o)
 .ARM.attributes
                0x0000000000000d28       0x1e /opt/st/stm32cubeclt/GNU-tools-for-STM32/bin/../lib/gcc/arm-none-eabi/11.3.1/thumb/v7e-m+fp/hard/libgcc.a(_arm_muldivdf3.o)
 .ARM.attributes
                0x0000000000000d46       0x1e /opt/st/stm32cubeclt/GNU-tools-for-STM32/bin/../lib/gcc/arm-none-eabi/11.3.1/thumb/v7e-m+fp/hard/libgcc.a(_arm_cmpdf2.o)
 .ARM.attributes
                0x0000000000000d64       0x1e /opt/st/stm32cubeclt/GNU-tools-for-STM32/bin/../lib/gcc/arm-none-eabi/11.3.1/thumb/v7e-m+fp/hard/libgcc.a(_arm_unorddf2.o)
 .ARM.attributes
                0x0000000000000d82       0x1e /opt/st/stm32cubeclt/GNU-tools-for-STM32/bin/../lib/gcc/arm-none-eabi/11.3.1/thumb/v7e-m+fp/hard/libgcc.a(_arm_fixdfsi.o)
 .ARM.attributes
                0x0000000000000da0       0x1e /opt/st/stm32cubeclt/GNU-tools-for-STM32/bin/../lib/gcc/arm-none-eabi/11.3.1/thumb/v7e-m+fp/hard/libgcc.a(_arm_fixunsdfsi.o)
 .ARM.attributes
                0x0000000000000dbe       0x1e /opt/st/stm32cubeclt/GNU-tools-for-STM32/bin/../lib/gcc/arm-none-eabi/11.3.1/thumb/v7e-m+fp/hard/libgcc.a(_aeabi_uldivmod.o)
 .ARM.attributes
                0x0000000000000ddc       0x34 /opt/st/stm32cubeclt/GNU-tools-for-STM32/bin/../lib/gcc/arm-none-eabi/11.3.1/thumb/v7e-m+fp/hard/libgcc.a(_udivmoddi4.o)
 .ARM.attributes
                0x0000000000000e10       0x1e /opt/st/stm32cubeclt/GNU-tools-for-STM32/bin/../lib/gcc/arm-none-eabi/11.3.1/thumb/v7e-m+fp/hard/libgcc.a(_dvmd_tls.o)
 .ARM.attributes
                0x0000000000000e2e       0x1e /opt/st/stm32cubeclt/GNU-tools-for-STM32/bin/../lib/gcc/arm-none-eabi/11.3.1/thumb/v7e-m+fp/hard/crtn.o
OUTPUT(build/F446_Code.elf elf32-littlearm)
LOAD linker stubs
LOAD /opt/st/stm32cubeclt/GNU-tools-for-STM32/bin/../lib/gcc/arm-none-eabi/11.3.1/../../../../arm-none-eabi/lib/thumb/v7e-m+fp/hard/libc.a
LOAD /opt/st/stm32cubeclt/GNU-tools-for-STM32/bin/../lib/gcc/arm-none-eabi/11.3.1/../../../../arm-none-eabi/lib/thumb/v7e-m+fp/hard/libm.a
LOAD /opt/st/stm32cubeclt/GNU-tools-for-STM32/bin/../lib/gcc/arm-none-eabi/11.3.1/thumb/v7e-m+fp/hard/libgcc.a

.comment        0x0000000000000000       0x43
 .comment       0x0000000000000000       0x43 /opt/st/stm32cubeclt/GNU-tools-for-STM32/bin/../lib/gcc/arm-none-eabi/11.3.1/thumb/v7e-m+fp/hard/crtbegin.o
                                         0x44 (size before relaxing)
 .comment       0x0000000000000043       0x44 build/main.o
 .comment       0x0000000000000043       0x44 build/stm32f4xx_it.o
 .comment       0x0000000000000043       0x44 build/stm32f4xx_hal_msp.o
 .comment       0x0000000000000043       0x44 build/stm32f4xx_hal_can.o
 .comment       0x0000000000000043       0x44 build/stm32f4xx_hal_rcc.o
 .comment       0x0000000000000043       0x44 build/stm32f4xx_hal_rcc_ex.o
 .comment       0x0000000000000043       0x44 build/stm32f4xx_hal_gpio.o
 .comment       0x0000000000000043       0x44 build/stm32f4xx_hal_cortex.o
 .comment       0x0000000000000043       0x44 build/stm32f4xx_hal.o
 .comment       0x0000000000000043       0x44 build/stm32f4xx_hal_uart.o
 .comment       0x0000000000000043       0x44 build/system_stm32f4xx.o
 .comment       0x0000000000000043       0x44 build/gpio.o
 .comment       0x0000000000000043       0x44 build/can.o
 .comment       0x0000000000000043       0x44 build/usart.o
 .comment       0x0000000000000043       0x44 build/syscalls.o

.debug_info     0x0000000000000000     0xe8fc
 .debug_info    0x0000000000000000     0x150d build/main.o
 .debug_info    0x000000000000150d      0x64a build/stm32f4xx_it.o
 .debug_info    0x0000000000001b57      0x358 build/stm32f4xx_hal_msp.o
 .debug_info    0x0000000000001eaf     0x1389 build/stm32f4xx_hal_can.o
 .debug_info    0x0000000000003238      0xc5d build/stm32f4xx_hal_rcc.o
 .debug_info    0x0000000000003e95      0xdd1 build/stm32f4xx_hal_rcc_ex.o
 .debug_info    0x0000000000004c66      0x8ac build/stm32f4xx_hal_gpio.o
 .debug_info    0x0000000000005512     0x1198 build/stm32f4xx_hal_cortex.o
 .debug_info    0x00000000000066aa      0xb5c build/stm32f4xx_hal.o
 .debug_info    0x0000000000007206     0x4425 build/stm32f4xx_hal_uart.o
 .debug_info    0x000000000000b62b      0x5f7 build/system_stm32f4xx.o
 .debug_info    0x000000000000bc22      0x571 build/gpio.o
 .debug_info    0x000000000000c193     0x13cf build/can.o
 .debug_info    0x000000000000d562      0xb36 build/usart.o
 .debug_info    0x000000000000e098      0x842 build/syscalls.o
 .debug_info    0x000000000000e8da       0x22 build/startup_stm32f446xx.o

.debug_abbrev   0x0000000000000000     0x21ad
 .debug_abbrev  0x0000000000000000      0x31c build/main.o
 .debug_abbrev  0x000000000000031c      0x17e build/stm32f4xx_it.o
 .debug_abbrev  0x000000000000049a       0xfd build/stm32f4xx_hal_msp.o
 .debug_abbrev  0x0000000000000597      0x281 build/stm32f4xx_hal_can.o
 .debug_abbrev  0x0000000000000818      0x2de build/stm32f4xx_hal_rcc.o
 .debug_abbrev  0x0000000000000af6      0x25f build/stm32f4xx_hal_rcc_ex.o
 .debug_abbrev  0x0000000000000d55      0x22b build/stm32f4xx_hal_gpio.o
 .debug_abbrev  0x0000000000000f80      0x371 build/stm32f4xx_hal_cortex.o
 .debug_abbrev  0x00000000000012f1      0x244 build/stm32f4xx_hal.o
 .debug_abbrev  0x0000000000001535      0x36f build/stm32f4xx_hal_uart.o
 .debug_abbrev  0x00000000000018a4      0x11b build/system_stm32f4xx.o
 .debug_abbrev  0x00000000000019bf      0x160 build/gpio.o
 .debug_abbrev  0x0000000000001b1f      0x28a build/can.o
 .debug_abbrev  0x0000000000001da9      0x20f build/usart.o
 .debug_abbrev  0x0000000000001fb8      0x1e3 build/syscalls.o
 .debug_abbrev  0x000000000000219b       0x12 build/startup_stm32f446xx.o

.debug_loc      0x0000000000000000     0x9247
 .debug_loc     0x0000000000000000       0xff build/main.o
 .debug_loc     0x00000000000000ff       0x80 build/stm32f4xx_it.o
 .debug_loc     0x000000000000017f       0x38 build/stm32f4xx_hal_msp.o
 .debug_loc     0x00000000000001b7      0xee7 build/stm32f4xx_hal_can.o
 .debug_loc     0x000000000000109e      0x6e4 build/stm32f4xx_hal_rcc.o
 .debug_loc     0x0000000000001782     0x100b build/stm32f4xx_hal_rcc_ex.o
 .debug_loc     0x000000000000278d      0x5db build/stm32f4xx_hal_gpio.o
 .debug_loc     0x0000000000002d68      0x831 build/stm32f4xx_hal_cortex.o
 .debug_loc     0x0000000000003599      0x1e1 build/stm32f4xx_hal.o
 .debug_loc     0x000000000000377a     0x4f99 build/stm32f4xx_hal_uart.o
 .debug_loc     0x0000000000008713      0x158 build/system_stm32f4xx.o
 .debug_loc     0x000000000000886b       0x38 build/gpio.o
 .debug_loc     0x00000000000088a3      0x38b build/can.o
 .debug_loc     0x0000000000008c2e      0x108 build/usart.o
 .debug_loc     0x0000000000008d36      0x511 build/syscalls.o

.debug_aranges  0x0000000000000000      0x888
 .debug_aranges
                0x0000000000000000       0x38 build/main.o
 .debug_aranges
                0x0000000000000038       0x78 build/stm32f4xx_it.o
 .debug_aranges
                0x00000000000000b0       0x20 build/stm32f4xx_hal_msp.o
 .debug_aranges
                0x00000000000000d0      0x138 build/stm32f4xx_hal_can.o
 .debug_aranges
                0x0000000000000208       0x88 build/stm32f4xx_hal_rcc.o
 .debug_aranges
                0x0000000000000290       0x78 build/stm32f4xx_hal_rcc_ex.o
 .debug_aranges
                0x0000000000000308       0x58 build/stm32f4xx_hal_gpio.o
 .debug_aranges
                0x0000000000000360       0xa8 build/stm32f4xx_hal_cortex.o
 .debug_aranges
                0x0000000000000408       0xf0 build/stm32f4xx_hal.o
 .debug_aranges
                0x00000000000004f8      0x200 build/stm32f4xx_hal_uart.o
 .debug_aranges
                0x00000000000006f8       0x28 build/system_stm32f4xx.o
 .debug_aranges
                0x0000000000000720       0x20 build/gpio.o
 .debug_aranges
                0x0000000000000740       0x48 build/can.o
 .debug_aranges
                0x0000000000000788       0x30 build/usart.o
 .debug_aranges
                0x00000000000007b8       0xa8 build/syscalls.o
 .debug_aranges
                0x0000000000000860       0x28 build/startup_stm32f446xx.o

.debug_ranges   0x0000000000000000      0x838
 .debug_ranges  0x0000000000000000       0x28 build/main.o
 .debug_ranges  0x0000000000000028       0x68 build/stm32f4xx_it.o
 .debug_ranges  0x0000000000000090       0x10 build/stm32f4xx_hal_msp.o
 .debug_ranges  0x00000000000000a0      0x128 build/stm32f4xx_hal_can.o
 .debug_ranges  0x00000000000001c8       0x90 build/stm32f4xx_hal_rcc.o
 .debug_ranges  0x0000000000000258       0x80 build/stm32f4xx_hal_rcc_ex.o
 .debug_ranges  0x00000000000002d8       0x48 build/stm32f4xx_hal_gpio.o
 .debug_ranges  0x0000000000000320       0xf8 build/stm32f4xx_hal_cortex.o
 .debug_ranges  0x0000000000000418       0xe0 build/stm32f4xx_hal.o
 .debug_ranges  0x00000000000004f8      0x208 build/stm32f4xx_hal_uart.o
 .debug_ranges  0x0000000000000700       0x18 build/system_stm32f4xx.o
 .debug_ranges  0x0000000000000718       0x10 build/gpio.o
 .debug_ranges  0x0000000000000728       0x38 build/can.o
 .debug_ranges  0x0000000000000760       0x20 build/usart.o
 .debug_ranges  0x0000000000000780       0x98 build/syscalls.o
 .debug_ranges  0x0000000000000818       0x20 build/startup_stm32f446xx.o

.debug_line     0x0000000000000000     0xa0d7
 .debug_line    0x0000000000000000      0x433 build/main.o
 .debug_line    0x0000000000000433      0x2ce build/stm32f4xx_it.o
 .debug_line    0x0000000000000701      0x183 build/stm32f4xx_hal_msp.o
 .debug_line    0x0000000000000884     0x10c3 build/stm32f4xx_hal_can.o
 .debug_line    0x0000000000001947      0xafb build/stm32f4xx_hal_rcc.o
 .debug_line    0x0000000000002442     0x1373 build/stm32f4xx_hal_rcc_ex.o
 .debug_line    0x00000000000037b5      0x68c build/stm32f4xx_hal_gpio.o
 .debug_line    0x0000000000003e41      0x763 build/stm32f4xx_hal_cortex.o
 .debug_line    0x00000000000045a4      0x551 build/stm32f4xx_hal.o
 .debug_line    0x0000000000004af5     0x45bd build/stm32f4xx_hal_uart.o
 .debug_line    0x00000000000090b2      0x23c build/system_stm32f4xx.o
 .debug_line    0x00000000000092ee      0x1c1 build/gpio.o
 .debug_line    0x00000000000094af      0x531 build/can.o
 .debug_line    0x00000000000099e0      0x2b1 build/usart.o
 .debug_line    0x0000000000009c91      0x3d0 build/syscalls.o
 .debug_line    0x000000000000a061       0x76 build/startup_stm32f446xx.o

.debug_str      0x0000000000000000     0x31f7
 .debug_str     0x0000000000000000      0xbb1 build/main.o
                                        0xc8c (size before relaxing)
 .debug_str     0x0000000000000bb1      0x32c build/stm32f4xx_it.o
                                        0x51c (size before relaxing)
 .debug_str     0x0000000000000edd       0x46 build/stm32f4xx_hal_msp.o
                                        0x2e8 (size before relaxing)
 .debug_str     0x0000000000000f23      0x586 build/stm32f4xx_hal_can.o
                                        0xa36 (size before relaxing)
 .debug_str     0x00000000000014a9      0x28f build/stm32f4xx_hal_rcc.o
                                        0x71b (size before relaxing)
 .debug_str     0x0000000000001738      0x344 build/stm32f4xx_hal_rcc_ex.o
                                        0x802 (size before relaxing)
 .debug_str     0x0000000000001a7c      0x163 build/stm32f4xx_hal_gpio.o
                                        0x4f0 (size before relaxing)
 .debug_str     0x0000000000001bdf      0xa09 build/stm32f4xx_hal_cortex.o
                                        0xc58 (size before relaxing)
 .debug_str     0x00000000000025e8      0x29a build/stm32f4xx_hal.o
                                        0xbb5 (size before relaxing)
 .debug_str     0x0000000000002882      0x66b build/stm32f4xx_hal_uart.o
                                        0xd44 (size before relaxing)
 .debug_str     0x0000000000002eed       0x47 build/system_stm32f4xx.o
                                        0x385 (size before relaxing)
 .debug_str     0x0000000000002f34       0x10 build/gpio.o
                                        0x38a (size before relaxing)
 .debug_str     0x0000000000002f44       0x79 build/can.o
                                        0xe58 (size before relaxing)
 .debug_str     0x0000000000002fbd       0x1c build/usart.o
                                        0x81e (size before relaxing)
 .debug_str     0x0000000000002fd9      0x1fc build/syscalls.o
                                        0x3e4 (size before relaxing)
 .debug_str     0x00000000000031d5       0x22 build/startup_stm32f446xx.o
                                         0x5d (size before relaxing)

.debug_frame    0x0000000000000000     0x25ec
 .debug_frame   0x0000000000000000       0x70 build/main.o
 .debug_frame   0x0000000000000070       0xf0 build/stm32f4xx_it.o
 .debug_frame   0x0000000000000160       0x2c build/stm32f4xx_hal_msp.o
 .debug_frame   0x000000000000018c      0x2d8 build/stm32f4xx_hal_can.o
 .debug_frame   0x0000000000000464      0x16c build/stm32f4xx_hal_rcc.o
 .debug_frame   0x00000000000005d0      0x14c build/stm32f4xx_hal_rcc_ex.o
 .debug_frame   0x000000000000071c       0xd8 build/stm32f4xx_hal_gpio.o
 .debug_frame   0x00000000000007f4      0x148 build/stm32f4xx_hal_cortex.o
 .debug_frame   0x000000000000093c      0x1ec build/stm32f4xx_hal.o
 .debug_frame   0x0000000000000b28      0x5c8 build/stm32f4xx_hal_uart.o
 .debug_frame   0x00000000000010f0       0x30 build/system_stm32f4xx.o
 .debug_frame   0x0000000000001120       0x30 build/gpio.o
 .debug_frame   0x0000000000001150       0xbc build/can.o
 .debug_frame   0x000000000000120c       0x60 build/usart.o
 .debug_frame   0x000000000000126c      0x190 build/syscalls.o
 .debug_frame   0x00000000000013fc       0xa0 /opt/st/stm32cubeclt/GNU-tools-for-STM32/bin/../lib/gcc/arm-none-eabi/11.3.1/../../../../arm-none-eabi/lib/thumb/v7e-m+fp/hard/libc_nano.a(libc_a-nano-vfprintf_float.o)
 .debug_frame   0x000000000000149c       0x60 /opt/st/stm32cubeclt/GNU-tools-for-STM32/bin/../lib/gcc/arm-none-eabi/11.3.1/../../../../arm-none-eabi/lib/thumb/v7e-m+fp/hard/libc_nano.a(libc_a-nano-vfprintf_i.o)
 .debug_frame   0x00000000000014fc      0x13c /opt/st/stm32cubeclt/GNU-tools-for-STM32/bin/../lib/gcc/arm-none-eabi/11.3.1/../../../../arm-none-eabi/lib/thumb/v7e-m+fp/hard/libc_nano.a(libc_a-findfp.o)
 .debug_frame   0x0000000000001638       0x34 /opt/st/stm32cubeclt/GNU-tools-for-STM32/bin/../lib/gcc/arm-none-eabi/11.3.1/../../../../arm-none-eabi/lib/thumb/v7e-m+fp/hard/libc_nano.a(libc_a-fwalk.o)
 .debug_frame   0x000000000000166c       0x6c /opt/st/stm32cubeclt/GNU-tools-for-STM32/bin/../lib/gcc/arm-none-eabi/11.3.1/../../../../arm-none-eabi/lib/thumb/v7e-m+fp/hard/libc_nano.a(libc_a-printf.o)
 .debug_frame   0x00000000000016d8       0x3c /opt/st/stm32cubeclt/GNU-tools-for-STM32/bin/../lib/gcc/arm-none-eabi/11.3.1/../../../../arm-none-eabi/lib/thumb/v7e-m+fp/hard/libc_nano.a(libc_a-puts.o)
 .debug_frame   0x0000000000001714       0x20 /opt/st/stm32cubeclt/GNU-tools-for-STM32/bin/../lib/gcc/arm-none-eabi/11.3.1/../../../../arm-none-eabi/lib/thumb/v7e-m+fp/hard/libc_nano.a(libc_a-setbuf.o)
 .debug_frame   0x0000000000001734       0x38 /opt/st/stm32cubeclt/GNU-tools-for-STM32/bin/../lib/gcc/arm-none-eabi/11.3.1/../../../../arm-none-eabi/lib/thumb/v7e-m+fp/hard/libc_nano.a(libc_a-setvbuf.o)
 .debug_frame   0x000000000000176c       0x88 /opt/st/stm32cubeclt/GNU-tools-for-STM32/bin/../lib/gcc/arm-none-eabi/11.3.1/../../../../arm-none-eabi/lib/thumb/v7e-m+fp/hard/libc_nano.a(libc_a-stdio.o)
 .debug_frame   0x00000000000017f4       0x40 /opt/st/stm32cubeclt/GNU-tools-for-STM32/bin/../lib/gcc/arm-none-eabi/11.3.1/../../../../arm-none-eabi/lib/thumb/v7e-m+fp/hard/libc_nano.a(libc_a-wbuf.o)
 .debug_frame   0x0000000000001834       0x2c /opt/st/stm32cubeclt/GNU-tools-for-STM32/bin/../lib/gcc/arm-none-eabi/11.3.1/../../../../arm-none-eabi/lib/thumb/v7e-m+fp/hard/libc_nano.a(libc_a-wsetup.o)
 .debug_frame   0x0000000000001860       0x20 /opt/st/stm32cubeclt/GNU-tools-for-STM32/bin/../lib/gcc/arm-none-eabi/11.3.1/../../../../arm-none-eabi/lib/thumb/v7e-m+fp/hard/libc_nano.a(libc_a-memset.o)
 .debug_frame   0x0000000000001880       0x40 /opt/st/stm32cubeclt/GNU-tools-for-STM32/bin/../lib/gcc/arm-none-eabi/11.3.1/../../../../arm-none-eabi/lib/thumb/v7e-m+fp/hard/libc_nano.a(libc_a-localeconv.o)
 .debug_frame   0x00000000000018c0       0x2c /opt/st/stm32cubeclt/GNU-tools-for-STM32/bin/../lib/gcc/arm-none-eabi/11.3.1/../../../../arm-none-eabi/lib/thumb/v7e-m+fp/hard/libc_nano.a(libc_a-closer.o)
 .debug_frame   0x00000000000018ec       0x38 /opt/st/stm32cubeclt/GNU-tools-for-STM32/bin/../lib/gcc/arm-none-eabi/11.3.1/../../../../arm-none-eabi/lib/thumb/v7e-m+fp/hard/libc_nano.a(libc_a-reent.o)
 .debug_frame   0x0000000000001924       0x2c /opt/st/stm32cubeclt/GNU-tools-for-STM32/bin/../lib/gcc/arm-none-eabi/11.3.1/../../../../arm-none-eabi/lib/thumb/v7e-m+fp/hard/libc_nano.a(libc_a-lseekr.o)
 .debug_frame   0x0000000000001950       0x2c /opt/st/stm32cubeclt/GNU-tools-for-STM32/bin/../lib/gcc/arm-none-eabi/11.3.1/../../../../arm-none-eabi/lib/thumb/v7e-m+fp/hard/libc_nano.a(libc_a-readr.o)
 .debug_frame   0x000000000000197c       0x2c /opt/st/stm32cubeclt/GNU-tools-for-STM32/bin/../lib/gcc/arm-none-eabi/11.3.1/../../../../arm-none-eabi/lib/thumb/v7e-m+fp/hard/libc_nano.a(libc_a-writer.o)
 .debug_frame   0x00000000000019a8       0x20 /opt/st/stm32cubeclt/GNU-tools-for-STM32/bin/../lib/gcc/arm-none-eabi/11.3.1/../../../../arm-none-eabi/lib/thumb/v7e-m+fp/hard/libc_nano.a(libc_a-errno.o)
 .debug_frame   0x00000000000019c8       0x2c /opt/st/stm32cubeclt/GNU-tools-for-STM32/bin/../lib/gcc/arm-none-eabi/11.3.1/../../../../arm-none-eabi/lib/thumb/v7e-m+fp/hard/libc_nano.a(libc_a-init.o)
 .debug_frame   0x00000000000019f4       0xb0 /opt/st/stm32cubeclt/GNU-tools-for-STM32/bin/../lib/gcc/arm-none-eabi/11.3.1/../../../../arm-none-eabi/lib/thumb/v7e-m+fp/hard/libc_nano.a(libc_a-lock.o)
 .debug_frame   0x0000000000001aa4       0x88 /opt/st/stm32cubeclt/GNU-tools-for-STM32/bin/../lib/gcc/arm-none-eabi/11.3.1/../../../../arm-none-eabi/lib/thumb/v7e-m+fp/hard/libc_nano.a(libc_a-dtoa.o)
 .debug_frame   0x0000000000001b2c       0x38 /opt/st/stm32cubeclt/GNU-tools-for-STM32/bin/../lib/gcc/arm-none-eabi/11.3.1/../../../../arm-none-eabi/lib/thumb/v7e-m+fp/hard/libc_nano.a(libc_a-freer.o)
 .debug_frame   0x0000000000001b64       0x30 /opt/st/stm32cubeclt/GNU-tools-for-STM32/bin/../lib/gcc/arm-none-eabi/11.3.1/../../../../arm-none-eabi/lib/thumb/v7e-m+fp/hard/libc_nano.a(libc_a-malloc.o)
 .debug_frame   0x0000000000001b94       0x50 /opt/st/stm32cubeclt/GNU-tools-for-STM32/bin/../lib/gcc/arm-none-eabi/11.3.1/../../../../arm-none-eabi/lib/thumb/v7e-m+fp/hard/libc_nano.a(libc_a-mallocr.o)
 .debug_frame   0x0000000000001be4       0x30 /opt/st/stm32cubeclt/GNU-tools-for-STM32/bin/../lib/gcc/arm-none-eabi/11.3.1/../../../../arm-none-eabi/lib/thumb/v7e-m+fp/hard/libc_nano.a(libc_a-mlock.o)
 .debug_frame   0x0000000000001c14      0x258 /opt/st/stm32cubeclt/GNU-tools-for-STM32/bin/../lib/gcc/arm-none-eabi/11.3.1/../../../../arm-none-eabi/lib/thumb/v7e-m+fp/hard/libc_nano.a(libc_a-mprec.o)
 .debug_frame   0x0000000000001e6c       0xa8 /opt/st/stm32cubeclt/GNU-tools-for-STM32/bin/../lib/gcc/arm-none-eabi/11.3.1/../../../../arm-none-eabi/lib/thumb/v7e-m+fp/hard/libc_nano.a(libc_a-nano-vfprintf.o)
 .debug_frame   0x0000000000001f14       0x5c /opt/st/stm32cubeclt/GNU-tools-for-STM32/bin/../lib/gcc/arm-none-eabi/11.3.1/../../../../arm-none-eabi/lib/thumb/v7e-m+fp/hard/libc_nano.a(libc_a-fflush.o)
 .debug_frame   0x0000000000001f70       0x58 /opt/st/stm32cubeclt/GNU-tools-for-STM32/bin/../lib/gcc/arm-none-eabi/11.3.1/../../../../arm-none-eabi/lib/thumb/v7e-m+fp/hard/libc_nano.a(libc_a-makebuf.o)
 .debug_frame   0x0000000000001fc8       0x48 /opt/st/stm32cubeclt/GNU-tools-for-STM32/bin/../lib/gcc/arm-none-eabi/11.3.1/../../../../arm-none-eabi/lib/thumb/v7e-m+fp/hard/libc_nano.a(libc_a-locale.o)
 .debug_frame   0x0000000000002010       0x2c /opt/st/stm32cubeclt/GNU-tools-for-STM32/bin/../lib/gcc/arm-none-eabi/11.3.1/../../../../arm-none-eabi/lib/thumb/v7e-m+fp/hard/libc_nano.a(libc_a-fstatr.o)
 .debug_frame   0x000000000000203c       0x2c /opt/st/stm32cubeclt/GNU-tools-for-STM32/bin/../lib/gcc/arm-none-eabi/11.3.1/../../../../arm-none-eabi/lib/thumb/v7e-m+fp/hard/libc_nano.a(libc_a-isattyr.o)
 .debug_frame   0x0000000000002068       0x2c /opt/st/stm32cubeclt/GNU-tools-for-STM32/bin/../lib/gcc/arm-none-eabi/11.3.1/../../../../arm-none-eabi/lib/thumb/v7e-m+fp/hard/libc_nano.a(libc_a-sbrkr.o)