../Core/Src/main.c:70:5:_write	24	static
../Core/Src/main.c:81:6:HAL_CAN_RxFifo0MsgPendingCallback	56	static
../Core/Src/main.c:91:6:CanActivation	8	static
../Core/Src/main.c:104:6:CanVescDrive	32	static
../Core/Src/main.c:147:5:main	8	static
../Core/Src/main.c:196:6:SystemClock_Config	88	static
../Core/Src/main.c:244:13:MX_CAN1_Init	48	static
../Core/Src/main.c:296:13:MX_USART2_UART_Init	8	static
../Core/Src/main.c:329:13:MX_GPIO_Init	48	static
../Core/Src/main.c:369:6:Error_Handler	4	static,ignoring_inline_asm
